<html>
<body>
<pre>
<h1>µVision Build Log</h1>
<h2>Tool Versions:</h2>
IDE-Version: ¦ÌVision V5.43.1.0
Copyright (C) 2025 ARM Ltd and ARM Germany GmbH. All rights reserved.
License Information: hyastar hyastar, hyastar, LIC=FYKYW-QLPXI-IIG5V-P0Q38-RS74N-7LYAY
 
Tool Versions:
Toolchain:       MDK-ARM Plus  Version: 5.43.0.0
Toolchain Path:  D:\Program Files\MDK\MDK-ARM\Keil_v5\ARM\ARMCC506\Bin
C Compiler:      Armcc.exe V5.06 update 7 (build 960)
Assembler:       Armasm.exe V5.06 update 7 (build 960)
Linker/Locator:  ArmLink.exe V5.06 update 7 (build 960)
Library Manager: ArmAr.exe V5.06 update 7 (build 960)
Hex Converter:   FromElf.exe V5.06 update 7 (build 960)
CPU DLL:         SARMCM3.DLL V5.43.0.0
Dialog DLL:      DCM.DLL V1.17.5.0
Target DLL:      Segger\JL2CM3.dll V2.99.45.0
Dialog DLL:      TCM.DLL V1.56.6.0
 
<h2>Project:</h2>
D:\Kato\code\kato_smarthealth\smarthealth\MDK-ARM\smarthealth.uvprojx
Project File Date:  04/18/2026

<h2>Output:</h2>
*** Using Compiler 'V5.06 update 7 (build 960)', folder: 'D:\Program Files\MDK\MDK-ARM\Keil_v5\ARM\ARMCC506\Bin'
Rebuild target 'smarthealth'
assembling startup_stm32f411xe.s...
compiling i2c.c...
compiling dma.c...
compiling stm32f4xx_hal_msp.c...
compiling gpio.c...
compiling usart.c...
compiling stm32f4xx_hal_rcc_ex.c...
compiling stm32f4xx_hal_timebase_tim.c...
compiling stm32f4xx_hal_flash_ex.c...
compiling stm32f4xx_hal_flash.c...
compiling stm32f4xx_hal_rcc.c...
compiling stm32f4xx_it.c...
compiling freertos.c...
compiling stm32f4xx_hal_tim_ex.c...
compiling main.c...
compiling stm32f4xx_hal_tim.c...
compiling croutine.c...
compiling event_groups.c...
compiling list.c...
compiling queue.c...
compiling stream_buffer.c...
compiling timers.c...
compiling tasks.c...
compiling heap_4.c...
compiling stm32f4xx_hal_cortex.c...
compiling stm32f4xx_hal_pwr.c...
compiling stm32f4xx_hal_flash_ramfunc.c...
compiling stm32f4xx_hal_dma.c...
compiling stm32f4xx_hal_i2c_ex.c...
compiling stm32f4xx_hal_gpio.c...
compiling stm32f4xx_hal_exti.c...
compiling system_stm32f4xx.c...
compiling port.c...
compiling stm32f4xx_hal_pwr_ex.c...
compiling stm32f4xx_hal.c...
compiling stm32f4xx_hal_dma_ex.c...
compiling stm32f4xx_hal_uart.c...
compiling SEGGER_RTT_printf.c...
compiling SEGGER_RTT.c...
compiling stm32f4xx_hal_i2c.c...
compiling cmsis_os2.c...
compiling bsp_ble.c...
compiling bsp_max30102.c...
compiling sensor_task.c...
..\algorithm\Src\sensor_task.c(62): warning:  #177-D: function "Filter_Init"  was declared but never referenced
  static void Filter_Init(MovingAverageFilter_t *f)
..\algorithm\Src\sensor_task.c(67): warning:  #177-D: function "Filter_AddSample"  was declared but never referenced
  static void Filter_AddSample(MovingAverageFilter_t *f, uint32_t ir, uint32_t red)
..\algorithm\Src\sensor_task.c(101): warning:  #177-D: function "calculate_SpO2"  was declared but never referenced
  static uint8_t calculate_SpO2(float ir_ac, float ir_dc, float red_ac, float red_dc)
..\algorithm\Src\sensor_task.c(132): warning:  #177-D: function "HR_Init"  was declared but never referenced
  static void HR_Init(HRDetector_t *d)
..\algorithm\Src\sensor_task.c(138): warning:  #177-D: function "HR_Update"  was declared but never referenced
  static uint8_t HR_Update(HRDetector_t *d, uint32_t ir_value, uint8_t sample_idx)
..\algorithm\Src\sensor_task.c(177): warning:  #177-D: variable "g_filter"  was declared but never referenced
  static MovingAverageFilter_t g_filter;
..\algorithm\Src\sensor_task.c(178): warning:  #177-D: variable "g_hr"  was declared but never referenced
  static HRDetector_t          g_hr;
..\algorithm\Src\sensor_task.c(199): warning:  #177-D: function "read_max30102"  was declared but never referenced
  static HAL_StatusTypeDef read_max30102(MAX30102_Data_t *data)
..\algorithm\Src\sensor_task.c: 8 warnings, 0 errors
compiling bsp_sht30.c...
compiling bsp_usart.c...
compiling bsp_usart2.c...
linking...
Program Size: Code=27512 RO-data=748 RW-data=180 ZI-data=37164  
FromELF: creating hex file...
"smarthealth\smarthealth.axf" - 0 Error(s), 8 Warning(s).

<h2>Software Packages used:</h2>

Package Vendor: ARM
                https://www.keil.com/pack/ARM.CMSIS.6.3.0.pack
                ARM::CMSIS@6.3.0
                CMSIS (Common Microcontroller Software Interface Standard)
   * Component: CORE Version: 6.2.0

Package Vendor: Keil
                https://www.keil.com/pack/Keil.STM32F4xx_DFP.3.1.1.pack
                Keil::STM32F4xx_DFP@3.1.1
                STMicroelectronics STM32F4 Series Device Support

<h2>Collection of Component include folders:</h2>
  ./RTE/_smarthealth
  D:/Program Files/MDK/MDK-ARM/Packs/ARM/CMSIS/6.3.0/CMSIS/Core/Include

<h2>Collection of Component Files used:</h2>

   * Component: ARM::CMSIS:CORE@6.2.0
      Include file:  CMSIS/Core/Include/tz_context.h
Build Time Elapsed:  00:00:07
</pre>
</body>
</html>
