Component: ARM Compiler 5.06 update 7 (build 960) Tool: armlink [4d3601]

==============================================================================

Section Cross References

    startup_stm32f411xe.o(STACK) refers (Special) to heapauxi.o(.text) for __use_two_region_memory
    startup_stm32f411xe.o(HEAP) refers (Special) to heapauxi.o(.text) for __use_two_region_memory
    startup_stm32f411xe.o(RESET) refers (Special) to heapauxi.o(.text) for __use_two_region_memory
    startup_stm32f411xe.o(RESET) refers to startup_stm32f411xe.o(STACK) for __initial_sp
    startup_stm32f411xe.o(RESET) refers to startup_stm32f411xe.o(.text) for Reset_Handler
    startup_stm32f411xe.o(RESET) refers to stm32f4xx_it.o(i.NMI_Handler) for NMI_Handler
    startup_stm32f411xe.o(RESET) refers to stm32f4xx_it.o(i.HardFault_Handler) for HardFault_Handler
    startup_stm32f411xe.o(RESET) refers to stm32f4xx_it.o(i.MemManage_Handler) for MemManage_Handler
    startup_stm32f411xe.o(RESET) refers to stm32f4xx_it.o(i.BusFault_Handler) for BusFault_Handler
    startup_stm32f411xe.o(RESET) refers to stm32f4xx_it.o(i.UsageFault_Handler) for UsageFault_Handler
    startup_stm32f411xe.o(RESET) refers to port.o(.emb_text) for SVC_Handler
    startup_stm32f411xe.o(RESET) refers to stm32f4xx_it.o(i.DebugMon_Handler) for DebugMon_Handler
    startup_stm32f411xe.o(RESET) refers to cmsis_os2.o(i.SysTick_Handler) for SysTick_Handler
    startup_stm32f411xe.o(RESET) refers to stm32f4xx_it.o(i.EXTI0_IRQHandler) for EXTI0_IRQHandler
    startup_stm32f411xe.o(RESET) refers to stm32f4xx_it.o(i.DMA1_Stream5_IRQHandler) for DMA1_Stream5_IRQHandler
    startup_stm32f411xe.o(RESET) refers to stm32f4xx_it.o(i.DMA1_Stream6_IRQHandler) for DMA1_Stream6_IRQHandler
    startup_stm32f411xe.o(RESET) refers to stm32f4xx_it.o(i.TIM4_IRQHandler) for TIM4_IRQHandler
    startup_stm32f411xe.o(RESET) refers to stm32f4xx_it.o(i.USART1_IRQHandler) for USART1_IRQHandler
    startup_stm32f411xe.o(RESET) refers to stm32f4xx_it.o(i.USART2_IRQHandler) for USART2_IRQHandler
    startup_stm32f411xe.o(RESET) refers to stm32f4xx_it.o(i.DMA2_Stream2_IRQHandler) for DMA2_Stream2_IRQHandler
    startup_stm32f411xe.o(RESET) refers to stm32f4xx_it.o(i.DMA2_Stream7_IRQHandler) for DMA2_Stream7_IRQHandler
    startup_stm32f411xe.o(.text) refers (Special) to heapauxi.o(.text) for __use_two_region_memory
    startup_stm32f411xe.o(.text) refers to system_stm32f4xx.o(i.SystemInit) for SystemInit
    startup_stm32f411xe.o(.text) refers to __main.o(!!!main) for __main
    startup_stm32f411xe.o(.text) refers to startup_stm32f411xe.o(HEAP) for Heap_Mem
    startup_stm32f411xe.o(.text) refers to startup_stm32f411xe.o(STACK) for Stack_Mem
    main.o(i.HAL_TIM_PeriodElapsedCallback) refers to stm32f4xx_hal.o(i.HAL_IncTick) for HAL_IncTick
    main.o(i.SystemClock_Config) refers to rt_memclr_w.o(.text) for __aeabi_memclr4
    main.o(i.SystemClock_Config) refers to stm32f4xx_hal_rcc.o(i.HAL_RCC_OscConfig) for HAL_RCC_OscConfig
    main.o(i.SystemClock_Config) refers to stm32f4xx_hal_rcc.o(i.HAL_RCC_ClockConfig) for HAL_RCC_ClockConfig
    main.o(i.main) refers to stm32f4xx_hal.o(i.HAL_Init) for HAL_Init
    main.o(i.main) refers to main.o(i.SystemClock_Config) for SystemClock_Config
    main.o(i.main) refers to gpio.o(i.MX_GPIO_Init) for MX_GPIO_Init
    main.o(i.main) refers to dma.o(i.MX_DMA_Init) for MX_DMA_Init
    main.o(i.main) refers to i2c.o(i.MX_I2C1_Init) for MX_I2C1_Init
    main.o(i.main) refers to usart.o(i.MX_USART1_UART_Init) for MX_USART1_UART_Init
    main.o(i.main) refers to usart.o(i.MX_USART2_UART_Init) for MX_USART2_UART_Init
    main.o(i.main) refers to cmsis_os2.o(i.osKernelInitialize) for osKernelInitialize
    main.o(i.main) refers to freertos.o(i.MX_FREERTOS_Init) for MX_FREERTOS_Init
    main.o(i.main) refers to cmsis_os2.o(i.osKernelStart) for osKernelStart
    gpio.o(i.MX_GPIO_Init) refers to rt_memclr_w.o(.text) for __aeabi_memclr4
    gpio.o(i.MX_GPIO_Init) refers to stm32f4xx_hal_gpio.o(i.HAL_GPIO_WritePin) for HAL_GPIO_WritePin
    gpio.o(i.MX_GPIO_Init) refers to stm32f4xx_hal_gpio.o(i.HAL_GPIO_Init) for HAL_GPIO_Init
    gpio.o(i.MX_GPIO_Init) refers to stm32f4xx_hal_cortex.o(i.HAL_NVIC_SetPriority) for HAL_NVIC_SetPriority
    gpio.o(i.MX_GPIO_Init) refers to stm32f4xx_hal_cortex.o(i.HAL_NVIC_EnableIRQ) for HAL_NVIC_EnableIRQ
    freertos.o(i.MX_FREERTOS_Init) refers to cmsis_os2.o(i.osMutexNew) for osMutexNew
    freertos.o(i.MX_FREERTOS_Init) refers to cmsis_os2.o(i.osMessageQueueNew) for osMessageQueueNew
    freertos.o(i.MX_FREERTOS_Init) refers to cmsis_os2.o(i.osThreadNew) for osThreadNew
    freertos.o(i.MX_FREERTOS_Init) refers to freertos.o(.constdata) for .constdata
    freertos.o(i.MX_FREERTOS_Init) refers to freertos.o(.data) for .data
    freertos.o(i.MX_FREERTOS_Init) refers to freertos.o(i.StartDefaultTask) for StartDefaultTask
    freertos.o(i.MX_FREERTOS_Init) refers to freertos.o(i.StartTask02_Monitor) for StartTask02_Monitor
[...]
    .constdata                               0x08005bdc   Section      184  freertos.o(.constdata)
    .constdata                               0x08005c94   Section        8  stm32f4xx_hal_dma.o(.constdata)
    flagBitshiftOffset                       0x08005c94   Data           8  stm32f4xx_hal_dma.o(.constdata)
    .constdata                               0x08005c9c   Section       16  system_stm32f4xx.o(.constdata)
    .constdata                               0x08005cac   Section        8  system_stm32f4xx.o(.constdata)
    .constdata                               0x08005cb4   Section       17  __printf_flags_ss_wp.o(.constdata)
    maptable                                 0x08005cb4   Data          17  __printf_flags_ss_wp.o(.constdata)
    .conststring                             0x08005cc8   Section       71  freertos.o(.conststring)
    .data                                    0x20000000   Section       24  freertos.o(.data)
    .data                                    0x20000018   Section       12  stm32f4xx_hal.o(.data)
    .data                                    0x20000024   Section        4  system_stm32f4xx.o(.data)
    .data                                    0x20000028   Section       60  tasks.o(.data)
    uxDeletedTasksWaitingCleanUp             0x2000002c   Data           4  tasks.o(.data)
    uxCurrentNumberOfTasks                   0x20000030   Data           4  tasks.o(.data)
    xTickCount                               0x20000034   Data           4  tasks.o(.data)
    uxTopReadyPriority                       0x20000038   Data           4  tasks.o(.data)
    xSchedulerRunning                        0x2000003c   Data           4  tasks.o(.data)
    xPendedTicks                             0x20000040   Data           4  tasks.o(.data)
    xYieldPending                            0x20000044   Data           4  tasks.o(.data)
    xNumOfOverflows                          0x20000048   Data           4  tasks.o(.data)
    uxTaskNumber                             0x2000004c   Data           4  tasks.o(.data)
    xNextTaskUnblockTime                     0x20000050   Data           4  tasks.o(.data)
    xIdleTaskHandle                          0x20000054   Data           4  tasks.o(.data)
    uxSchedulerSuspended                     0x20000058   Data           4  tasks.o(.data)
    pxDelayedTaskList                        0x2000005c   Data           4  tasks.o(.data)
    pxOverflowDelayedTaskList                0x20000060   Data           4  tasks.o(.data)
    .data                                    0x20000064   Section       20  timers.o(.data)
    xTimerQueue                              0x20000064   Data           4  timers.o(.data)
    xTimerTaskHandle                         0x20000068   Data           4  timers.o(.data)
    xLastTime                                0x2000006c   Data           4  timers.o(.data)
    pxCurrentTimerList                       0x20000070   Data           4  timers.o(.data)
    pxOverflowTimerList                      0x20000074   Data           4  timers.o(.data)
    .data                                    0x20000078   Section        4  cmsis_os2.o(.data)
    KernelState                              0x20000078   Data           4  cmsis_os2.o(.data)
    .data                                    0x2000007c   Section       32  heap_4.o(.data)
    pxEnd                                    0x2000007c   Data           4  heap_4.o(.data)
    xFreeBytesRemaining                      0x20000080   Data           4  heap_4.o(.data)
    xMinimumEverFreeBytesRemaining           0x20000084   Data           4  heap_4.o(.data)
    xNumberOfSuccessfulAllocations           0x20000088   Data           4  heap_4.o(.data)
    xNumberOfSuccessfulFrees                 0x2000008c   Data           4  heap_4.o(.data)
    xBlockAllocatedBit                       0x20000090   Data           4  heap_4.o(.data)
    xStart                                   0x20000094   Data           8  heap_4.o(.data)
    .data                                    0x2000009c   Section       12  port.o(.data)
    ucMaxSysCallPriority                     0x2000009c   Data           1  port.o(.data)
    uxCriticalNesting                        0x200000a0   Data           4  port.o(.data)
    ulMaxPRIGROUPValue                       0x200000a4   Data           4  port.o(.data)
    .data                                    0x200000a8   Section        1  sensor_task.o(.data)
    g_data_valid                             0x200000a8   Data           1  sensor_task.o(.data)
    .data                                    0x200000ac   Section        8  bsp_usart2.o(.data)
    dma_tx_done                              0x200000ac   Data           1  bsp_usart2.o(.data)
    dma_last_pos                             0x200000ae   Data           2  bsp_usart2.o(.data)
    rx_queue                                 0x200000b0   Data           4  bsp_usart2.o(.data)
    .bss                                     0x200000b4   Section       84  i2c.o(.bss)
    .bss                                     0x20000108   Section      528  usart.o(.bss)
    .bss                                     0x20000318   Section       72  stm32f4xx_hal_timebase_tim.o(.bss)
    .bss                                     0x20000360   Section       64  queue.o(.bss)
    .bss                                     0x200003a0   Section     1220  tasks.o(.bss)
    pxReadyTasksLists                        0x200003a0   Data        1120  tasks.o(.bss)
    xDelayedTaskList1                        0x20000800   Data          20  tasks.o(.bss)
    xDelayedTaskList2                        0x20000814   Data          20  tasks.o(.bss)
    xPendingReadyList                        0x20000828   Data          20  tasks.o(.bss)
    xTasksWaitingTermination                 0x2000083c   Data          20  tasks.o(.bss)
    xSuspendedTaskList                       0x20000850   Data          20  tasks.o(.bss)
    .bss                                     0x20000864   Section      280  timers.o(.bss)
    xStaticTimerQueue                        0x20000864   Data          80  timers.o(.bss)
    ucStaticTimerQueueStorage                0x200008b4   Data         160  timers.o(.bss)
    xActiveTimerList1                        0x20000954   Data          20  timers.o(.bss)
    xActiveTimerList2                        0x20000968   Data          20  timers.o(.bss)
    .bss                                     0x2000097c   Section     1720  cmsis_os2.o(.bss)
    Idle_TCB                                 0x2000097c   Data          92  cmsis_os2.o(.bss)
    Idle_Stack                               0x200009d8   Data         512  cmsis_os2.o(.bss)
    Timer_TCB                                0x20000bd8   Data          92  cmsis_os2.o(.bss)
    Timer_Stack                              0x20000c34   Data        1024  cmsis_os2.o(.bss)
    .bss                                     0x20001034   Section    30960  heap_4.o(.bss)
    ucHeap                                   0x20001034   Data       30960  heap_4.o(.bss)
    .bss                                     0x20008924   Section      344  sensor_task.o(.bss)
    g_filter                                 0x20008924   Data         276  sensor_task.o(.bss)
    g_hr                                     0x20008a38   Data          56  sensor_task.o(.bss)
    g_latest_data                            0x20008a70   Data          12  sensor_task.o(.bss)
    .bss                                     0x20008a7c   Section      256  bsp_usart2.o(.bss)
    dma_raw_buf                              0x20008a7c   Data         256  bsp_usart2.o(.bss)
    .bss                                     0x20008b7c   Section       96  libspace.o(.bss)
    HEAP                                     0x20008be0   Section      512  startup_stm32f411xe.o(HEAP)
    Heap_Mem                                 0x20008be0   Data         512  startup_stm32f411xe.o(HEAP)
    STACK                                    0x20008de0   Section     1024  startup_stm32f411xe.o(STACK)
    Stack_Mem                                0x20008de0   Data        1024  startup_stm32f411xe.o(STACK)
    __initial_sp                             0x200091e0   Data           0  startup_stm32f411xe.o(STACK)

    Global Symbols

    Symbol Name                              Value     Ov Type        Size  Object(Section)

    BuildAttributes$$THM_ISAv4$E$P$D$K$B$S$7EM$VFPi3$EXTD16$VFPS$VFMA$PE$A:L22UL41UL21$X:L11$S22US41US21$IEEE1$IW$USESV6$~STKCKD$USESV7$~SHL$OTIME$ROPI$IEEEJ$EBA8$UX$STANDARDLIB$REQ8$PRES8$EABIv2 0x00000000   Number         0  anon$$obj.o ABSOLUTE
    __ARM_use_no_argv                        0x00000000   Number         0  main.o ABSOLUTE
    _printf_flags                            0x00000000   Number         0  printf_stubs.o ABSOLUTE
    _printf_return_value                     0x00000000   Number         0  printf_stubs.o ABSOLUTE
    _printf_sizespec                         0x00000000   Number         0  printf_stubs.o ABSOLUTE
    _printf_widthprec                        0x00000000   Number         0  printf_stubs.o ABSOLUTE
    __ARM_exceptions_init                     - Undefined Weak Reference
    __alloca_initialize                       - Undefined Weak Reference
    __arm_fini_                               - Undefined Weak Reference
    __arm_preinit_                            - Undefined Weak Reference
    __cpp_initialize__aeabi_                  - Undefined Weak Reference
    __cxa_finalize                            - Undefined Weak Reference
    __sigvec_lookup                           - Undefined Weak Reference
    _atexit_init                              - Undefined Weak Reference
    _call_atexit_fns                          - Undefined Weak Reference
    _clock_init                               - Undefined Weak Reference
    _fp_trap_init                             - Undefined Weak Reference
    _fp_trap_shutdown                         - Undefined Weak Reference
    _get_lc_collate                           - Undefined Weak Reference
    _get_lc_monetary                          - Undefined Weak Reference
    _get_lc_time                              - Undefined Weak Reference
    _getenv_init                              - Undefined Weak Reference
    _handle_redirection                       - Undefined Weak Reference
    _init_alloc                               - Undefined Weak Reference
    _init_user_alloc                          - Undefined Weak Reference
    _initio                                   - Undefined Weak Reference
    _printf_mbtowc                            - Undefined Weak Reference
    _printf_wc                                - Undefined Weak Reference
    _rand_init                                - Undefined Weak Reference
    _signal_finish                            - Undefined Weak Reference
    _signal_init                              - Undefined Weak Reference
    _terminate_alloc                          - Undefined Weak Reference
    _terminate_user_alloc                     - Undefined Weak Reference
    _terminateio                              - Undefined Weak Reference
    __Vectors_Size                           0x00000198   Number         0  startup_stm32f411xe.o ABSOLUTE
    __Vectors                                0x08000000   Data           4  startup_stm32f411xe.o(RESET)
    __Vectors_End                            0x08000198   Data           0  startup_stm32f411xe.o(RESET)
    __main                                   0x08000199   Thumb Code     8  __main.o(!!!main)
    __scatterload                            0x080001a1   Thumb Code     0  __scatter.o(!!!scatter)
    __scatterload_rt2                        0x080001a1   Thumb Code    44  __scatter.o(!!!scatter)
    __scatterload_rt2_thumb_only             0x080001a1   Thumb Code     0  __scatter.o(!!!scatter)
    __scatterload_null                       0x080001af   Thumb Code     0  __scatter.o(!!!scatter)
    __scatterload_copy                       0x080001d5   Thumb Code    26  __scatter_copy.o(!!handler_copy)
    __scatterload_zeroinit                   0x080001f1   Thumb Code    28  __scatter_zi.o(!!handler_zi)
    _printf_d                                0x0800020d   Thumb Code     0  _printf_d.o(.ARM.Collect$$_printf_percent$$00000009)
    _printf_percent                          0x0800020d   Thumb Code     0  _printf_percent.o(.ARM.Collect$$_printf_percent$$00000000)
    _printf_u                                0x08000213   Thumb Code     0  _printf_u.o(.ARM.Collect$$_printf_percent$$0000000A)
    _printf_percent_end                      0x08000219   Thumb Code     0  _printf_percent_end.o(.ARM.Collect$$_printf_percent$$00000017)
    __rt_lib_init                            0x0800021d   Thumb Code     0  libinit.o(.ARM.Collect$$libinit$$00000000)
    __rt_lib_init_fp_1                       0x0800021f   Thumb Code     0  libinit2.o(.ARM.Collect$$libinit$$00000001)
    __rt_lib_init_alloca_1                   0x08000223   Thumb Code     0  libinit2.o(.ARM.Collect$$libinit$$0000002E)
    __rt_lib_init_argv_1                     0x08000223   Thumb Code     0  libinit2.o(.ARM.Collect$$libinit$$0000002C)
    __rt_lib_init_atexit_1                   0x08000223   Thumb Code     0  libinit2.o(.ARM.Collect$$libinit$$0000001B)
    __rt_lib_init_clock_1                    0x08000223   Thumb Code     0  libinit2.o(.ARM.Collect$$libinit$$00000021)
    __rt_lib_init_cpp_1                      0x08000223   Thumb Code     0  libinit2.o(.ARM.Collect$$libinit$$00000032)
    __rt_lib_init_exceptions_1               0x08000223   Thumb Code     0  libinit2.o(.ARM.Collect$$libinit$$00000030)
    __rt_lib_init_fp_trap_1                  0x08000223   Thumb Code     0  libinit2.o(.ARM.Collect$$libinit$$0000001F)
    __rt_lib_init_getenv_1                   0x08000223   Thumb Code     0  libinit2.o(.ARM.Collect$$libinit$$00000023)
    __rt_lib_init_heap_1                     0x08000223   Thumb Code     0  libinit2.o(.ARM.Collect$$libinit$$0000000A)
    __rt_lib_init_lc_collate_1               0x08000223   Thumb Code     0  libinit2.o(.ARM.Collect$$libinit$$00000011)
    __rt_lib_init_lc_ctype_1                 0x08000223   Thumb Code     0  libinit2.o(.ARM.Collect$$libinit$$00000013)
    __rt_lib_init_lc_monetary_1              0x08000223   Thumb Code     0  libinit2.o(.ARM.Collect$$libinit$$00000015)
    __rt_lib_init_lc_numeric_1               0x08000223   Thumb Code     0  libinit2.o(.ARM.Collect$$libinit$$00000017)
    __rt_lib_init_lc_time_1                  0x08000223   Thumb Code     0  libinit2.o(.ARM.Collect$$libinit$$00000019)
    __rt_lib_init_preinit_1                  0x08000223   Thumb Code     0  libinit2.o(.ARM.Collect$$libinit$$00000004)
    __rt_lib_init_rand_1                     0x08000223   Thumb Code     0  libinit2.o(.ARM.Collect$$libinit$$0000000E)
    __rt_lib_init_return                     0x08000223   Thumb Code     0  libinit2.o(.ARM.Collect$$libinit$$00000033)
    __rt_lib_init_signal_1                   0x08000223   Thumb Code     0  libinit2.o(.ARM.Collect$$libinit$$0000001D)
    __rt_lib_init_stdio_1                    0x08000223   Thumb Code     0  libinit2.o(.ARM.Collect$$libinit$$00000025)
    __rt_lib_init_user_alloc_1               0x08000223   Thumb Code     0  libinit2.o(.ARM.Collect$$libinit$$0000000C)
    __rt_lib_shutdown                        0x08000225   Thumb Code     0  libshutdown.o(.ARM.Collect$$libshutdown$$00000000)
    __rt_lib_shutdown_cpp_1                  0x08000227   Thumb Code     0  libshutdown2.o(.ARM.Collect$$libshutdown$$00000004)
    __rt_lib_shutdown_fini_1                 0x08000227   Thumb Code     0  libshutdown2.o(.ARM.Collect$$libshutdown$$00000002)
    __rt_lib_shutdown_fp_trap_1              0x08000227   Thumb Code     0  libshutdown2.o(.ARM.Collect$$libshutdown$$00000009)
    __rt_lib_shutdown_heap_1                 0x08000227   Thumb Code     0  libshutdown2.o(.ARM.Collect$$libshutdown$$00000011)
    __rt_lib_shutdown_return                 0x08000227   Thumb Code     0  libshutdown2.o(.ARM.Collect$$libshutdown$$00000012)
    __rt_lib_shutdown_signal_1               0x08000227   Thumb Code     0  libshutdown2.o(.ARM.Collect$$libshutdown$$0000000C)
    __rt_lib_shutdown_stdio_1                0x08000227   Thumb Code     0  libshutdown2.o(.ARM.Collect$$libshutdown$$00000006)
    __rt_lib_shutdown_user_alloc_1           0x08000227   Thumb Code     0  libshutdown2.o(.ARM.Collect$$libshutdown$$0000000E)
    __rt_entry                               0x08000229   Thumb Code     0  __rtentry.o(.ARM.Collect$$rtentry$$00000000)
    __rt_entry_presh_1                       0x08000229   Thumb Code     0  __rtentry2.o(.ARM.Collect$$rtentry$$00000002)
    __rt_entry_sh                            0x08000229   Thumb Code     0  __rtentry4.o(.ARM.Collect$$rtentry$$00000004)
    __rt_entry_li                            0x0800022f   Thumb Code     0  __rtentry2.o(.ARM.Collect$$rtentry$$0000000A)
    __rt_entry_postsh_1                      0x0800022f   Thumb Code     0  __rtentry2.o(.ARM.Collect$$rtentry$$00000009)
    __rt_entry_main                          0x08000233   Thumb Code     0  __rtentry2.o(.ARM.Collect$$rtentry$$0000000D)
    __rt_entry_postli_1                      0x08000233   Thumb Code     0  __rtentry2.o(.ARM.Collect$$rtentry$$0000000C)
    __rt_exit                                0x0800023b   Thumb Code     0  rtexit.o(.ARM.Collect$$rtexit$$00000000)
    __rt_exit_ls                             0x0800023d   Thumb Code     0  rtexit2.o(.ARM.Collect$$rtexit$$00000003)
    __rt_exit_prels_1                        0x0800023d   Thumb Code     0  rtexit2.o(.ARM.Collect$$rtexit$$00000002)
    __rt_exit_exit                           0x08000241   Thumb Code     0  rtexit2.o(.ARM.Collect$$rtexit$$00000004)
    SVC_Handler                              0x08000249   Thumb Code    28  port.o(.emb_text)
    __asm___6_port_c_39a90d8d__prvStartFirstTask 0x08000269   Thumb Code    36  port.o(.emb_text)
    __asm___6_port_c_39a90d8d__prvEnableVFP  0x08000291   Thumb Code    16  port.o(.emb_text)
    PendSV_Handler                           0x080002a5   Thumb Code    88  port.o(.emb_text)
    vPortGetIPSR                             0x08000301   Thumb Code     6  port.o(.emb_text)
    Reset_Handler                            0x08000309   Thumb Code     8  startup_stm32f411xe.o(.text)
    ADC_IRQHandler                           0x08000323   Thumb Code     0  startup_stm32f411xe.o(.text)
    DMA1_Stream0_IRQHandler                  0x08000323   Thumb Code     0  startup_stm32f411xe.o(.text)
    DMA1_Stream1_IRQHandler                  0x08000323   Thumb Code     0  startup_stm32f411xe.o(.text)
    DMA1_Stream2_IRQHandler                  0x08000323   Thumb Code     0  startup_stm32f411xe.o(.text)
    DMA1_Stream3_IRQHandler                  0x08000323   Thumb Code     0  startup_stm32f411xe.o(.text)
    DMA1_Stream4_IRQHandler                  0x08000323   Thumb Code     0  startup_stm32f411xe.o(.text)
    DMA1_Stream7_IRQHandler                  0x08000323   Thumb Code     0  startup_stm32f411xe.o(.text)
    DMA2_Stream0_IRQHandler                  0x08000323   Thumb Code     0  startup_stm32f411xe.o(.text)
    DMA2_Stream1_IRQHandler                  0x08000323   Thumb Code     0  startup_stm32f411xe.o(.text)
    DMA2_Stream3_IRQHandler                  0x08000323   Thumb Code     0  startup_stm32f411xe.o(.text)
    DMA2_Stream4_IRQHandler                  0x08000323   Thumb Code     0  startup_stm32f411xe.o(.text)
    DMA2_Stream5_IRQHandler                  0x08000323   Thumb Code     0  startup_stm32f411xe.o(.text)
    DMA2_Stream6_IRQHandler                  0x08000323   Thumb Code     0  startup_stm32f411xe.o(.text)
    EXTI15_10_IRQHandler                     0x08000323   Thumb Code     0  startup_stm32f411xe.o(.text)
    EXTI1_IRQHandler                         0x08000323   Thumb Code     0  startup_stm32f411xe.o(.text)
    EXTI2_IRQHandler                         0x08000323   Thumb Code     0  startup_stm32f411xe.o(.text)
    EXTI3_IRQHandler                         0x08000323   Thumb Code     0  startup_stm32f411xe.o(.text)
    EXTI4_IRQHandler                         0x08000323   Thumb Code     0  startup_stm32f411xe.o(.text)
    EXTI9_5_IRQHandler                       0x08000323   Thumb Code     0  startup_stm32f411xe.o(.text)
    FLASH_IRQHandler                         0x08000323   Thumb Code     0  startup_stm32f411xe.o(.text)
    FPU_IRQHandler                           0x08000323   Thumb Code     0  startup_stm32f411xe.o(.text)
    I2C1_ER_IRQHandler                       0x08000323   Thumb Code     0  startup_stm32f411xe.o(.text)
    I2C1_EV_IRQHandler                       0x08000323   Thumb Code     0  startup_stm32f411xe.o(.text)
    I2C2_ER_IRQHandler                       0x08000323   Thumb Code     0  startup_stm32f411xe.o(.text)
    I2C2_EV_IRQHandler                       0x08000323   Thumb Code     0  startup_stm32f411xe.o(.text)
    I2C3_ER_IRQHandler                       0x08000323   Thumb Code     0  startup_stm32f411xe.o(.text)
    I2C3_EV_IRQHandler                       0x08000323   Thumb Code     0  startup_stm32f411xe.o(.text)
    OTG_FS_IRQHandler                        0x08000323   Thumb Code     0  startup_stm32f411xe.o(.text)
    OTG_FS_WKUP_IRQHandler                   0x08000323   Thumb Code     0  startup_stm32f411xe.o(.text)
    PVD_IRQHandler                           0x08000323   Thumb Code     0  startup_stm32f411xe.o(.text)
    RCC_IRQHandler                           0x08000323   Thumb Code     0  startup_stm32f411xe.o(.text)
    RTC_Alarm_IRQHandler                     0x08000323   Thumb Code     0  startup_stm32f411xe.o(.text)
    RTC_WKUP_IRQHandler                      0x08000323   Thumb Code     0  startup_stm32f411xe.o(.text)
    SDIO_IRQHandler                          0x08000323   Thumb Code     0  startup_stm32f411xe.o(.text)
    SPI1_IRQHandler                          0x08000323   Thumb Code     0  startup_stm32f411xe.o(.text)
    SPI2_IRQHandler                          0x08000323   Thumb Code     0  startup_stm32f411xe.o(.text)
    SPI3_IRQHandler                          0x08000323   Thumb Code     0  startup_stm32f411xe.o(.text)
    SPI4_IRQHandler                          0x08000323   Thumb Code     0  startup_stm32f411xe.o(.text)
    SPI5_IRQHandler                          0x08000323   Thumb Code     0  startup_stm32f411xe.o(.text)
    TAMP_STAMP_IRQHandler                    0x08000323   Thumb Code     0  startup_stm32f411xe.o(.text)
    TIM1_BRK_TIM9_IRQHandler                 0x08000323   Thumb Code     0  startup_stm32f411xe.o(.text)
    TIM1_CC_IRQHandler                       0x08000323   Thumb Code     0  startup_stm32f411xe.o(.text)
    TIM1_TRG_COM_TIM11_IRQHandler            0x08000323   Thumb Code     0  startup_stm32f411xe.o(.text)
    TIM1_UP_TIM10_IRQHandler                 0x08000323   Thumb Code     0  startup_stm32f411xe.o(.text)
    TIM2_IRQHandler                          0x08000323   Thumb Code     0  startup_stm32f411xe.o(.text)
    TIM3_IRQHandler                          0x08000323   Thumb Code     0  startup_stm32f411xe.o(.text)
    TIM5_IRQHandler                          0x08000323   Thumb Code     0  startup_stm32f411xe.o(.text)
    USART6_IRQHandler                        0x08000323   Thumb Code     0  startup_stm32f411xe.o(.text)
    WWDG_IRQHandler                          0x08000323   Thumb Code     0  startup_stm32f411xe.o(.text)
    __user_initial_stackheap                 0x08000325   Thumb Code     0  startup_stm32f411xe.o(.text)
    __aeabi_uldivmod                         0x08000349   Thumb Code     0  lludivv7m.o(.text)
    _ll_udiv                                 0x08000349   Thumb Code   238  lludivv7m.o(.text)
    __2snprintf                              0x08000439   Thumb Code    50  __2snprintf.o(.text)
    _printf_int_dec                          0x08000471   Thumb Code   104  _printf_dec.o(.text)
    __printf                                 0x080004e9   Thumb Code   388  __printf_flags_ss_wp.o(.text)
    strlen                                   0x08000671   Thumb Code    62  strlen.o(.text)
    __aeabi_memcpy                           0x080006af   Thumb Code     0  rt_memcpy_v6.o(.text)
    __rt_memcpy                              0x080006af   Thumb Code   138  rt_memcpy_v6.o(.text)
    _memcpy_lastbytes                        0x08000715   Thumb Code     0  rt_memcpy_v6.o(.text)
    __aeabi_memset                           0x08000739   Thumb Code    16  aeabi_memset.o(.text)
    __aeabi_memclr4                          0x08000749   Thumb Code     0  rt_memclr_w.o(.text)
    __aeabi_memclr8                          0x08000749   Thumb Code     0  rt_memclr_w.o(.text)
    __rt_memclr_w                            0x08000749   Thumb Code    78  rt_memclr_w.o(.text)
    _memset_w                                0x0800074d   Thumb Code     0  rt_memclr_w.o(.text)
    __use_two_region_memory                  0x08000797   Thumb Code     2  heapauxi.o(.text)
    __rt_heap_escrow$2region                 0x08000799   Thumb Code     2  heapauxi.o(.text)
    __rt_heap_expand$2region                 0x0800079b   Thumb Code     2  heapauxi.o(.text)
    _printf_int_common                       0x0800079d   Thumb Code   178  _printf_intcommon.o(.text)
    _printf_char_common                      0x0800085b   Thumb Code    32  _printf_char_common.o(.text)
    _sputc                                   0x08000881   Thumb Code    10  _sputc.o(.text)
    _snputc                                  0x0800088b   Thumb Code    16  _snputc.o(.text)
    __aeabi_memcpy4                          0x0800089b   Thumb Code     0  rt_memcpy_w.o(.text)
    __aeabi_memcpy8                          0x0800089b   Thumb Code     0  rt_memcpy_w.o(.text)
    __rt_memcpy_w                            0x0800089b   Thumb Code   100  rt_memcpy_w.o(.text)
    _memcpy_lastbytes_aligned                0x080008e3   Thumb Code     0  rt_memcpy_w.o(.text)
    __aeabi_memclr                           0x080008ff   Thumb Code     0  rt_memclr.o(.text)
    __rt_memclr                              0x080008ff   Thumb Code    68  rt_memclr.o(.text)
    _memset                                  0x08000903   Thumb Code     0  rt_memclr.o(.text)
    __user_setup_stackheap                   0x08000943   Thumb Code    74  sys_stackheap_outer.o(.text)
    exit                                     0x0800098d   Thumb Code    18  exit.o(.text)
    __user_libspace                          0x080009a1   Thumb Code     8  libspace.o(.text)
    __user_perproc_libspace                  0x080009a1   Thumb Code     0  libspace.o(.text)
    __user_perthread_libspace                0x080009a1   Thumb Code     0  libspace.o(.text)
    _sys_exit                                0x080009a9   Thumb Code     8  sys_exit.o(.text)
    __I$use$semihosting                      0x080009b5   Thumb Code     0  use_no_semi.o(.text)
    __use_no_semihosting_swi                 0x080009b5   Thumb Code     2  use_no_semi.o(.text)
    __semihosting_library_function           0x080009b7   Thumb Code     0  indicate_semi.o(.text)
    BSP_BLE_Init                             0x080009b9   Thumb Code    94  bsp_ble.o(i.BSP_BLE_Init)
    BSP_BLE_IsConnected                      0x08000a1d   Thumb Code    18  bsp_ble.o(i.BSP_BLE_IsConnected)
    BSP_BLE_PackSensorDataJSON               0x08000a35   Thumb Code   146  bsp_ble.o(i.BSP_BLE_PackSensorDataJSON)
    BSP_BLE_Wakeup                           0x08000af9   Thumb Code    10  bsp_ble.o(i.BSP_BLE_Wakeup)
    BSP_MAX30102_ClearFIFO                   0x08000b09   Thumb Code    46  bsp_max30102.o(i.BSP_MAX30102_ClearFIFO)
    BSP_MAX30102_ConfigSpO2                  0x08000b37   Thumb Code    80  bsp_max30102.o(i.BSP_MAX30102_ConfigSpO2)
    BSP_MAX30102_Init                        0x08000b87   Thumb Code    30  bsp_max30102.o(i.BSP_MAX30102_Init)
    BSP_MAX30102_ReadFIFO                    0x08000ba5   Thumb Code    66  bsp_max30102.o(i.BSP_MAX30102_ReadFIFO)
    BSP_SHT30_Init                           0x08000be9   Thumb Code    12  bsp_sht30.o(i.BSP_SHT30_Init)
    BSP_SHT30_Read                           0x08000bf9   Thumb Code   178  bsp_sht30.o(i.BSP_SHT30_Read)
    BSP_USART2_IRQ_Handler                   0x08000cc1   Thumb Code    58  bsp_usart2.o(i.BSP_USART2_IRQ_Handler)
    BSP_USART2_Init                          0x08000d05   Thumb Code    56  bsp_usart2.o(i.BSP_USART2_Init)
    BSP_USART2_Receive                       0x08000d49   Thumb Code    12  bsp_usart2.o(i.BSP_USART2_Receive)
    BSP_USART2_Send                          0x08000d59   Thumb Code    34  bsp_usart2.o(i.BSP_USART2_Send)
    BSP_USART2_SendString                    0x08000d85   Thumb Code    24  bsp_usart2.o(i.BSP_USART2_SendString)
    BusFault_Handler                         0x08000d9d   Thumb Code     2  stm32f4xx_it.o(i.BusFault_Handler)
    DMA1_Stream5_IRQHandler                  0x08000da1   Thumb Code     6  stm32f4xx_it.o(i.DMA1_Stream5_IRQHandler)
    DMA1_Stream6_IRQHandler                  0x08000dad   Thumb Code     6  stm32f4xx_it.o(i.DMA1_Stream6_IRQHandler)
    DMA2_Stream2_IRQHandler                  0x08000db9   Thumb Code     6  stm32f4xx_it.o(i.DMA2_Stream2_IRQHandler)
    DMA2_Stream7_IRQHandler                  0x08000dc5   Thumb Code     6  stm32f4xx_it.o(i.DMA2_Stream7_IRQHandler)
    DebugMon_Handler                         0x08000e75   Thumb Code     2  stm32f4xx_it.o(i.DebugMon_Handler)
    EXTI0_IRQHandler                         0x08000e77   Thumb Code     6  stm32f4xx_it.o(i.EXTI0_IRQHandler)
    Error_Handler                            0x08000e7d   Thumb Code     4  main.o(i.Error_Handler)
    HAL_DMA_Abort                            0x08000f51   Thumb Code   146  stm32f4xx_hal_dma.o(i.HAL_DMA_Abort)
    HAL_DMA_Abort_IT                         0x08000fe3   Thumb Code    36  stm32f4xx_hal_dma.o(i.HAL_DMA_Abort_IT)
    HAL_DMA_IRQHandler                       0x08001009   Thumb Code   412  stm32f4xx_hal_dma.o(i.HAL_DMA_IRQHandler)
    HAL_DMA_Init                             0x080011a9   Thumb Code   206  stm32f4xx_hal_dma.o(i.HAL_DMA_Init)
    HAL_DMA_Start_IT                         0x0800127d   Thumb Code   110  stm32f4xx_hal_dma.o(i.HAL_DMA_Start_IT)
    HAL_Delay                                0x080012ed   Thumb Code    32  stm32f4xx_hal.o(i.HAL_Delay)
    HAL_GPIO_EXTI_Callback                   0x08001311   Thumb Code     2  stm32f4xx_hal_gpio.o(i.HAL_GPIO_EXTI_Callback)
    HAL_GPIO_EXTI_IRQHandler                 0x08001315   Thumb Code    18  stm32f4xx_hal_gpio.o(i.HAL_GPIO_EXTI_IRQHandler)
    HAL_GPIO_Init                            0x0800132d   Thumb Code   446  stm32f4xx_hal_gpio.o(i.HAL_GPIO_Init)
    HAL_GPIO_ReadPin                         0x0800150d   Thumb Code    10  stm32f4xx_hal_gpio.o(i.HAL_GPIO_ReadPin)
    HAL_GPIO_WritePin                        0x08001517   Thumb Code    10  stm32f4xx_hal_gpio.o(i.HAL_GPIO_WritePin)
    HAL_GetTick                              0x08001521   Thumb Code     6  stm32f4xx_hal.o(i.HAL_GetTick)
    HAL_I2C_Init                             0x0800152d   Thumb Code   376  stm32f4xx_hal_i2c.o(i.HAL_I2C_Init)
    HAL_I2C_IsDeviceReady                    0x080016b5   Thumb Code   354  stm32f4xx_hal_i2c.o(i.HAL_I2C_IsDeviceReady)
    HAL_I2C_Master_Receive                   0x08001821   Thumb Code   482  stm32f4xx_hal_i2c.o(i.HAL_I2C_Master_Receive)
    HAL_I2C_Master_Transmit                  0x08001a11   Thumb Code   290  stm32f4xx_hal_i2c.o(i.HAL_I2C_Master_Transmit)
    HAL_I2C_MspInit                          0x08001b3d   Thumb Code    92  i2c.o(i.HAL_I2C_MspInit)
    HAL_IncTick                              0x08001ba5   Thumb Code    12  stm32f4xx_hal.o(i.HAL_IncTick)
    HAL_Init                                 0x08001bb5   Thumb Code    48  stm32f4xx_hal.o(i.HAL_Init)
    HAL_InitTick                             0x08001be9   Thumb Code   132  stm32f4xx_hal_timebase_tim.o(i.HAL_InitTick)
    HAL_MspInit                              0x08001c81   Thumb Code    52  stm32f4xx_hal_msp.o(i.HAL_MspInit)
    HAL_NVIC_EnableIRQ                       0x08001cb9   Thumb Code    26  stm32f4xx_hal_cortex.o(i.HAL_NVIC_EnableIRQ)
    HAL_NVIC_SetPriority                     0x08001cd5   Thumb Code    60  stm32f4xx_hal_cortex.o(i.HAL_NVIC_SetPriority)
    HAL_NVIC_SetPriorityGrouping             0x08001d15   Thumb Code    26  stm32f4xx_hal_cortex.o(i.HAL_NVIC_SetPriorityGrouping)
    HAL_RCC_ClockConfig                      0x08001d39   Thumb Code   288  stm32f4xx_hal_rcc.o(i.HAL_RCC_ClockConfig)
    HAL_RCC_GetClockConfig                   0x08001e6d   Thumb Code    54  stm32f4xx_hal_rcc.o(i.HAL_RCC_GetClockConfig)
    HAL_RCC_GetPCLK1Freq                     0x08001ead   Thumb Code    20  stm32f4xx_hal_rcc.o(i.HAL_RCC_GetPCLK1Freq)
    HAL_RCC_GetPCLK2Freq                     0x08001ecd   Thumb Code    20  stm32f4xx_hal_rcc.o(i.HAL_RCC_GetPCLK2Freq)
    HAL_RCC_GetSysClockFreq                  0x08001eed   Thumb Code    88  stm32f4xx_hal_rcc.o(i.HAL_RCC_GetSysClockFreq)
    HAL_RCC_OscConfig                        0x08001f51   Thumb Code   856  stm32f4xx_hal_rcc.o(i.HAL_RCC_OscConfig)
    HAL_TIMEx_BreakCallback                  0x080022bd   Thumb Code     2  stm32f4xx_hal_tim_ex.o(i.HAL_TIMEx_BreakCallback)
    HAL_TIMEx_CommutCallback                 0x080022bf   Thumb Code     2  stm32f4xx_hal_tim_ex.o(i.HAL_TIMEx_CommutCallback)
    HAL_TIM_Base_Init                        0x080022c1   Thumb Code    90  stm32f4xx_hal_tim.o(i.HAL_TIM_Base_Init)
    HAL_TIM_Base_MspInit                     0x0800231b   Thumb Code     2  stm32f4xx_hal_tim.o(i.HAL_TIM_Base_MspInit)
    HAL_TIM_Base_Start_IT                    0x0800231d   Thumb Code    88  stm32f4xx_hal_tim.o(i.HAL_TIM_Base_Start_IT)
    HAL_TIM_IC_CaptureCallback               0x08002389   Thumb Code     2  stm32f4xx_hal_tim.o(i.HAL_TIM_IC_CaptureCallback)
    HAL_TIM_IRQHandler                       0x0800238b   Thumb Code   304  stm32f4xx_hal_tim.o(i.HAL_TIM_IRQHandler)
    HAL_TIM_OC_DelayElapsedCallback          0x080024bb   Thumb Code     2  stm32f4xx_hal_tim.o(i.HAL_TIM_OC_DelayElapsedCallback)
    HAL_TIM_PWM_PulseFinishedCallback        0x080024bd   Thumb Code     2  stm32f4xx_hal_tim.o(i.HAL_TIM_PWM_PulseFinishedCallback)
    HAL_TIM_PeriodElapsedCallback            0x080024c1   Thumb Code    14  main.o(i.HAL_TIM_PeriodElapsedCallback)
    HAL_TIM_TriggerCallback                  0x080024d5   Thumb Code     2  stm32f4xx_hal_tim.o(i.HAL_TIM_TriggerCallback)
    HAL_UARTEx_RxEventCallback               0x080024d7   Thumb Code     2  stm32f4xx_hal_uart.o(i.HAL_UARTEx_RxEventCallback)
    HAL_UART_ErrorCallback                   0x080024d9   Thumb Code     2  stm32f4xx_hal_uart.o(i.HAL_UART_ErrorCallback)
    HAL_UART_IRQHandler                      0x080024dd   Thumb Code   636  stm32f4xx_hal_uart.o(i.HAL_UART_IRQHandler)
    HAL_UART_Init                            0x0800275d   Thumb Code   100  stm32f4xx_hal_uart.o(i.HAL_UART_Init)
    HAL_UART_MspInit                         0x080027c1   Thumb Code   386  usart.o(i.HAL_UART_MspInit)
    HAL_UART_Receive_DMA                     0x08002965   Thumb Code    28  stm32f4xx_hal_uart.o(i.HAL_UART_Receive_DMA)
    HAL_UART_RxCpltCallback                  0x08002981   Thumb Code     2  stm32f4xx_hal_uart.o(i.HAL_UART_RxCpltCallback)
    HAL_UART_RxHalfCpltCallback              0x08002983   Thumb Code     2  stm32f4xx_hal_uart.o(i.HAL_UART_RxHalfCpltCallback)
    HAL_UART_Transmit_DMA                    0x08002985   Thumb Code   120  stm32f4xx_hal_uart.o(i.HAL_UART_Transmit_DMA)
    HAL_UART_TxCpltCallback                  0x08002a09   Thumb Code    26  bsp_usart2.o(i.HAL_UART_TxCpltCallback)
    HAL_UART_TxHalfCpltCallback              0x08002a31   Thumb Code     2  stm32f4xx_hal_uart.o(i.HAL_UART_TxHalfCpltCallback)
    HardFault_Handler                        0x08002b31   Thumb Code     2  stm32f4xx_it.o(i.HardFault_Handler)
    MX_DMA_Init                              0x08002f55   Thumb Code   104  dma.o(i.MX_DMA_Init)
    MX_FREERTOS_Init                         0x08002fc1   Thumb Code    84  freertos.o(i.MX_FREERTOS_Init)
    MX_GPIO_Init                             0x0800302d   Thumb Code   178  gpio.o(i.MX_GPIO_Init)
    MX_I2C1_Init                             0x080030ed   Thumb Code    50  i2c.o(i.MX_I2C1_Init)
    MX_USART1_UART_Init                      0x0800312d   Thumb Code    48  usart.o(i.MX_USART1_UART_Init)
    MX_USART2_UART_Init                      0x08003165   Thumb Code    48  usart.o(i.MX_USART2_UART_Init)
    MemManage_Handler                        0x0800319d   Thumb Code     2  stm32f4xx_it.o(i.MemManage_Handler)
    NMI_Handler                              0x0800319f   Thumb Code     2  stm32f4xx_it.o(i.NMI_Handler)
    SensorTask_Entry                         0x080031a1   Thumb Code   414  sensor_task.o(i.SensorTask_Entry)
    SensorTask_GetLatestData                 0x08003359   Thumb Code    26  sensor_task.o(i.SensorTask_GetLatestData)
    StartDefaultTask                         0x0800337d   Thumb Code     8  freertos.o(i.StartDefaultTask)
    StartTask02_Monitor                      0x08003385   Thumb Code   102  freertos.o(i.StartTask02_Monitor)
    StartTask03_Sensor                       0x080033fd   Thumb Code     4  freertos.o(i.StartTask03_Sensor)
    StartTask04_BLE                          0x08003401   Thumb Code   104  freertos.o(i.StartTask04_BLE)
    SysTick_Handler                          0x0800346d   Thumb Code    26  cmsis_os2.o(i.SysTick_Handler)
    SystemClock_Config                       0x08003489   Thumb Code   136  main.o(i.SystemClock_Config)
    SystemInit                               0x08003519   Thumb Code    12  system_stm32f4xx.o(i.SystemInit)
    TIM4_IRQHandler                          0x08003529   Thumb Code     6  stm32f4xx_it.o(i.TIM4_IRQHandler)
    TIM_Base_SetConfig                       0x08003535   Thumb Code   130  stm32f4xx_hal_tim.o(i.TIM_Base_SetConfig)
    UART_Start_Receive_DMA                   0x08003955   Thumb Code   146  stm32f4xx_hal_uart.o(i.UART_Start_Receive_DMA)
    USART1_IRQHandler                        0x080039f5   Thumb Code     6  stm32f4xx_it.o(i.USART1_IRQHandler)
    USART2_IRQHandler                        0x08003a01   Thumb Code     4  stm32f4xx_it.o(i.USART2_IRQHandler)
    UsageFault_Handler                       0x08003a05   Thumb Code     2  stm32f4xx_it.o(i.UsageFault_Handler)
    _is_digit                                0x08003a27   Thumb Code    14  __printf_wp.o(i._is_digit)
    main                                     0x08003ac5   Thumb Code    42  main.o(i.main)
    osDelay                                  0x08003aef   Thumb Code    26  cmsis_os2.o(i.osDelay)
    osKernelInitialize                       0x08003b09   Thumb Code    32  cmsis_os2.o(i.osKernelInitialize)
    osKernelStart                            0x08003b2d   Thumb Code    48  cmsis_os2.o(i.osKernelStart)
    osMessageQueueGet                        0x08003b65   Thumb Code    96  cmsis_os2.o(i.osMessageQueueGet)
    osMessageQueueNew                        0x08003bc9   Thumb Code    88  cmsis_os2.o(i.osMessageQueueNew)
    osMessageQueuePut                        0x08003c21   Thumb Code   100  cmsis_os2.o(i.osMessageQueuePut)
    osMutexAcquire                           0x08003c89   Thumb Code    82  cmsis_os2.o(i.osMutexAcquire)
    osMutexNew                               0x08003cdb   Thumb Code   104  cmsis_os2.o(i.osMutexNew)
    osMutexRelease                           0x08003d43   Thumb Code    66  cmsis_os2.o(i.osMutexRelease)
    osThreadNew                              0x08003d85   Thumb Code   138  cmsis_os2.o(i.osThreadNew)
    pvPortMalloc                             0x080045b9   Thumb Code   216  heap_4.o(i.pvPortMalloc)
    pvTaskIncrementMutexHeldCount            0x08004695   Thumb Code    18  tasks.o(i.pvTaskIncrementMutexHeldCount)
    pxPortInitialiseStack                    0x080046ad   Thumb Code    40  port.o(i.pxPortInitialiseStack)
    uxListRemove                             0x08004869   Thumb Code    38  list.o(i.uxListRemove)
    vApplicationGetIdleTaskMemory            0x08004891   Thumb Code    16  cmsis_os2.o(i.vApplicationGetIdleTaskMemory)
    vApplicationGetTimerTaskMemory           0x080048a5   Thumb Code    18  cmsis_os2.o(i.vApplicationGetTimerTaskMemory)
    vListInitialise                          0x080048bd   Thumb Code    22  list.o(i.vListInitialise)
    vListInitialiseItem                      0x080048d3   Thumb Code     6  list.o(i.vListInitialiseItem)
    vListInsert                              0x080048d9   Thumb Code    48  list.o(i.vListInsert)
    vListInsertEnd                           0x08004909   Thumb Code    24  list.o(i.vListInsertEnd)
    vPortEnterCritical                       0x08004921   Thumb Code    54  port.o(i.vPortEnterCritical)
    vPortExitCritical                        0x08004961   Thumb Code    34  port.o(i.vPortExitCritical)
    vPortFree                                0x08004989   Thumb Code    94  heap_4.o(i.vPortFree)
    vPortSetupTimerInterrupt                 0x080049ed   Thumb Code    32  port.o(i.vPortSetupTimerInterrupt)
    vPortValidateInterruptPriority           0x08004a11   Thumb Code    74  port.o(i.vPortValidateInterruptPriority)
    vQueueAddToRegistry                      0x08004a65   Thumb Code    34  queue.o(i.vQueueAddToRegistry)
    vQueueWaitForMessageRestricted           0x08004a8d   Thumb Code    68  queue.o(i.vQueueWaitForMessageRestricted)
    vTaskDelay                               0x08004ad1   Thumb Code    66  tasks.o(i.vTaskDelay)
    vTaskDelayUntil                          0x08004b1d   Thumb Code   132  tasks.o(i.vTaskDelayUntil)
    vTaskInternalSetTimeOutState             0x08004ba9   Thumb Code    12  tasks.o(i.vTaskInternalSetTimeOutState)
    vTaskMissedYield                         0x08004bb9   Thumb Code     8  tasks.o(i.vTaskMissedYield)
    vTaskPlaceOnEventList                    0x08004bc5   Thumb Code    44  tasks.o(i.vTaskPlaceOnEventList)
    vTaskPlaceOnEventListRestricted          0x08004bf5   Thumb Code    52  tasks.o(i.vTaskPlaceOnEventListRestricted)
    vTaskPriorityDisinheritAfterTimeout      0x08004c2d   Thumb Code   134  tasks.o(i.vTaskPriorityDisinheritAfterTimeout)
    vTaskStartScheduler                      0x08004cbd   Thumb Code   118  tasks.o(i.vTaskStartScheduler)
    vTaskSuspend                             0x08004d45   Thumb Code   144  tasks.o(i.vTaskSuspend)
    vTaskSuspendAll                          0x08004de1   Thumb Code    10  tasks.o(i.vTaskSuspendAll)
    vTaskSwitchContext                       0x08004df1   Thumb Code    90  tasks.o(i.vTaskSwitchContext)
    xPortStartScheduler                      0x08004e55   Thumb Code   222  port.o(i.xPortStartScheduler)
    xPortSysTickHandler                      0x08004f49   Thumb Code    38  port.o(i.xPortSysTickHandler)
    xQueueCreateMutex                        0x08004f75   Thumb Code    22  queue.o(i.xQueueCreateMutex)
    xQueueCreateMutexStatic                  0x08004f8b   Thumb Code    26  queue.o(i.xQueueCreateMutexStatic)
    xQueueGenericCreate                      0x08004fa5   Thumb Code    66  queue.o(i.xQueueGenericCreate)
    xQueueGenericCreateStatic                0x08004fe7   Thumb Code   102  queue.o(i.xQueueGenericCreateStatic)
    xQueueGenericReset                       0x0800504d   Thumb Code   132  queue.o(i.xQueueGenericReset)
    xQueueGenericSend                        0x080050d5   Thumb Code   346  queue.o(i.xQueueGenericSend)
    xQueueGenericSendFromISR                 0x08005235   Thumb Code   190  queue.o(i.xQueueGenericSendFromISR)
    xQueueGiveMutexRecursive                 0x080052f3   Thumb Code    62  queue.o(i.xQueueGiveMutexRecursive)
    xQueueReceive                            0x08005331   Thumb Code   308  queue.o(i.xQueueReceive)
    xQueueReceiveFromISR                     0x08005469   Thumb Code   154  queue.o(i.xQueueReceiveFromISR)
    xQueueSemaphoreTake                      0x08005505   Thumb Code   372  queue.o(i.xQueueSemaphoreTake)
    xQueueTakeMutexRecursive                 0x0800567d   Thumb Code    64  queue.o(i.xQueueTakeMutexRecursive)
    xTaskCheckForTimeOut                     0x080056bd   Thumb Code   112  tasks.o(i.xTaskCheckForTimeOut)
    xTaskCreate                              0x08005731   Thumb Code    90  tasks.o(i.xTaskCreate)
    xTaskCreateStatic                        0x0800578b   Thumb Code    86  tasks.o(i.xTaskCreateStatic)
    xTaskGetCurrentTaskHandle                0x080057e1   Thumb Code     6  tasks.o(i.xTaskGetCurrentTaskHandle)
    xTaskGetSchedulerState                   0x080057ed   Thumb Code    22  tasks.o(i.xTaskGetSchedulerState)
    xTaskGetTickCount                        0x08005809   Thumb Code     6  tasks.o(i.xTaskGetTickCount)
    xTaskIncrementTick                       0x08005815   Thumb Code   192  tasks.o(i.xTaskIncrementTick)
    xTaskPriorityDisinherit                  0x080058dd   Thumb Code   118  tasks.o(i.xTaskPriorityDisinherit)
    xTaskPriorityInherit                     0x0800595d   Thumb Code   112  tasks.o(i.xTaskPriorityInherit)
    xTaskRemoveFromEventList                 0x080059d5   Thumb Code    98  tasks.o(i.xTaskRemoveFromEventList)
    xTaskResumeAll                           0x08005a45   Thumb Code   182  tasks.o(i.xTaskResumeAll)
    xTimerCreateTimerTask                    0x08005b09   Thumb Code    78  timers.o(i.xTimerCreateTimerTask)
    xTimerGenericCommand                     0x08005b69   Thumb Code    98  timers.o(i.xTimerGenericCommand)
    _fp_init                                 0x08005bd1   Thumb Code    10  fpinit.o(x$fpl$fpinit)
    __fplib_config_fpu_vfp                   0x08005bd9   Thumb Code     0  fpinit.o(x$fpl$fpinit)
    __fplib_config_pureend_doubles           0x08005bd9   Thumb Code     0  fpinit.o(x$fpl$fpinit)
    defaultTask_attributes                   0x08005bdc   Data          36  freertos.o(.constdata)
    MonitorTask_attributes                   0x08005c00   Data          36  freertos.o(.constdata)
    SensorTask_attributes                    0x08005c24   Data          36  freertos.o(.constdata)
    BLETask_attributes                       0x08005c48   Data          36  freertos.o(.constdata)
    SensorDataQueue_attributes               0x08005c6c   Data          24  freertos.o(.constdata)
    I2C1_Mutex_attributes                    0x08005c84   Data          16  freertos.o(.constdata)
    AHBPrescTable                            0x08005c9c   Data          16  system_stm32f4xx.o(.constdata)
    APBPrescTable                            0x08005cac   Data           8  system_stm32f4xx.o(.constdata)
    Region$$Table$$Base                      0x08005d10   Number         0  anon$$obj.o(Region$$Table)
    Region$$Table$$Limit                     0x08005d30   Number         0  anon$$obj.o(Region$$Table)
    defaultTaskHandle                        0x20000000   Data           4  freertos.o(.data)
    MonitorTaskHandle                        0x20000004   Data           4  freertos.o(.data)
    SensorTaskHandle                         0x20000008   Data           4  freertos.o(.data)
    BLETaskHandle                            0x2000000c   Data           4  freertos.o(.data)
    SensorDataQueueHandle                    0x20000010   Data           4  freertos.o(.data)
    I2C1_MutexHandle                         0x20000014   Data           4  freertos.o(.data)
    uwTickFreq                               0x20000018   Data           1  stm32f4xx_hal.o(.data)
    uwTickPrio                               0x2000001c   Data           4  stm32f4xx_hal.o(.data)
    uwTick                                   0x20000020   Data           4  stm32f4xx_hal.o(.data)
    SystemCoreClock                          0x20000024   Data           4  system_stm32f4xx.o(.data)
    pxCurrentTCB                             0x20000028   Data           4  tasks.o(.data)
    usart1_tx_done                           0x200000ad   Data           1  bsp_usart2.o(.data)
    hi2c1                                    0x200000b4   Data          84  i2c.o(.bss)
    huart1                                   0x20000108   Data          72  usart.o(.bss)
    huart2                                   0x20000150   Data          72  usart.o(.bss)
    hdma_usart1_rx                           0x20000198   Data          96  usart.o(.bss)
    hdma_usart1_tx                           0x200001f8   Data          96  usart.o(.bss)
    hdma_usart2_rx                           0x20000258   Data          96  usart.o(.bss)
    hdma_usart2_tx                           0x200002b8   Data          96  usart.o(.bss)
    htim4                                    0x20000318   Data          72  stm32f4xx_hal_timebase_tim.o(.bss)
    xQueueRegistry                           0x20000360   Data          64  queue.o(.bss)
    __libspace_start                         0x20008b7c   Data          96  libspace.o(.bss)
    __temporary_stack_top$libspace           0x20008bdc   Data           0  libspace.o(.bss)



==============================================================================

Memory Map of the image

  Image Entry point : 0x08000199

  Load Region LR_IROM1 (Base: 0x08000000, Size: 0x00005de4, Max: 0x00080000, ABSOLUTE)

    Execution Region ER_IROM1 (Exec base: 0x08000000, Load base: 0x08000000, Size: 0x00005d30, Max: 0x00080000, ABSOLUTE)

    Exec Addr    Load Addr    Size         Type   Attr      Idx    E Section Name        Object

    0x08000000   0x08000000   0x00000198   Data   RO            3    RESET               startup_stm32f411xe.o
    0x08000198   0x08000198   0x00000008   Code   RO         5859  * !!!main             c_w.l(__main.o)
    0x080001a0   0x080001a0   0x00000034   Code   RO         6171    !!!scatter          c_w.l(__scatter.o)
    0x080001d4   0x080001d4   0x0000001a   Code   RO         6173    !!handler_copy      c_w.l(__scatter_copy.o)
    0x080001ee   0x080001ee   0x00000002   PAD
    0x080001f0   0x080001f0   0x0000001c   Code   RO         6175    !!handler_zi        c_w.l(__scatter_zi.o)
    0x0800020c   0x0800020c   0x00000000   Code   RO         5846    .ARM.Collect$$_printf_percent$$00000000  c_w.l(_printf_percent.o)
    0x0800020c   0x0800020c   0x00000006   Code   RO         5844    .ARM.Collect$$_printf_percent$$00000009  c_w.l(_printf_d.o)
    0x08000212   0x08000212   0x00000006   Code   RO         5845    .ARM.Collect$$_printf_percent$$0000000A  c_w.l(_printf_u.o)
    0x08000218   0x08000218   0x00000004   Code   RO         5925    .ARM.Collect$$_printf_percent$$00000017  c_w.l(_printf_percent_end.o)
    0x0800021c   0x0800021c   0x00000002   Code   RO         6029    .ARM.Collect$$libinit$$00000000  c_w.l(libinit.o)
    0x0800021e   0x0800021e   0x00000004   Code   RO         6051    .ARM.Collect$$libinit$$00000001  c_w.l(libinit2.o)
    0x08000222   0x08000222   0x00000000   Code   RO         6054    .ARM.Collect$$libinit$$00000004  c_w.l(libinit2.o)
    0x08000222   0x08000222   0x00000000   Code   RO         6057    .ARM.Collect$$libinit$$0000000A  c_w.l(libinit2.o)
    0x08000222   0x08000222   0x00000000   Code   RO         6059    .ARM.Collect$$libinit$$0000000C  c_w.l(libinit2.o)
    0x08000222   0x08000222   0x00000000   Code   RO         6061    .ARM.Collect$$libinit$$0000000E  c_w.l(libinit2.o)
    0x08000222   0x08000222   0x00000000   Code   RO         6064    .ARM.Collect$$libinit$$00000011  c_w.l(libinit2.o)
    0x08000222   0x08000222   0x00000000   Code   RO         6066    .ARM.Collect$$libinit$$00000013  c_w.l(libinit2.o)
    0x08000222   0x08000222   0x00000000   Code   RO         6068    .ARM.Collect$$libinit$$00000015  c_w.l(libinit2.o)
    0x08000222   0x08000222   0x00000000   Code   RO         6070    .ARM.Collect$$libinit$$00000017  c_w.l(libinit2.o)
    0x08000222   0x08000222   0x00000000   Code   RO         6072    .ARM.Collect$$libinit$$00000019  c_w.l(libinit2.o)
    0x08000222   0x08000222   0x00000000   Code   RO         6074    .ARM.Collect$$libinit$$0000001B  c_w.l(libinit2.o)
    0x08000222   0x08000222   0x00000000   Code   RO         6076    .ARM.Collect$$libinit$$0000001D  c_w.l(libinit2.o)
    0x08000222   0x08000222   0x00000000   Code   RO         6078    .ARM.Collect$$libinit$$0000001F  c_w.l(libinit2.o)
    0x08000222   0x08000222   0x00000000   Code   RO         6080    .ARM.Collect$$libinit$$00000021  c_w.l(libinit2.o)
    0x08000222   0x08000222   0x00000000   Code   RO         6082    .ARM.Collect$$libinit$$00000023  c_w.l(libinit2.o)
    0x08000222   0x08000222   0x00000000   Code   RO         6084    .ARM.Collect$$libinit$$00000025  c_w.l(libinit2.o)
    0x08000222   0x08000222   0x00000000   Code   RO         6088    .ARM.Collect$$libinit$$0000002C  c_w.l(libinit2.o)
    0x08000222   0x08000222   0x00000000   Code   RO         6090    .ARM.Collect$$libinit$$0000002E  c_w.l(libinit2.o)
    0x08000222   0x08000222   0x00000000   Code   RO         6092    .ARM.Collect$$libinit$$00000030  c_w.l(libinit2.o)
    0x08000222   0x08000222   0x00000000   Code   RO         6094    .ARM.Collect$$libinit$$00000032  c_w.l(libinit2.o)
    0x08000222   0x08000222   0x00000002   Code   RO         6095    .ARM.Collect$$libinit$$00000033  c_w.l(libinit2.o)
    0x08000224   0x08000224   0x00000002   Code   RO         6126    .ARM.Collect$$libshutdown$$00000000  c_w.l(libshutdown.o)
    0x08000226   0x08000226   0x00000000   Code   RO         6152    .ARM.Collect$$libshutdown$$00000002  c_w.l(libshutdown2.o)
    0x08000226   0x08000226   0x00000000   Code   RO         6154    .ARM.Collect$$libshutdown$$00000004  c_w.l(libshutdown2.o)
    0x08000226   0x08000226   0x00000000   Code   RO         6156    .ARM.Collect$$libshutdown$$00000006  c_w.l(libshutdown2.o)
    0x08000226   0x08000226   0x00000000   Code   RO         6159    .ARM.Collect$$libshutdown$$00000009  c_w.l(libshutdown2.o)
    0x08000226   0x08000226   0x00000000   Code   RO         6162    .ARM.Collect$$libshutdown$$0000000C  c_w.l(libshutdown2.o)
    0x08000226   0x08000226   0x00000000   Code   RO         6164    .ARM.Collect$$libshutdown$$0000000E  c_w.l(libshutdown2.o)
    0x08000226   0x08000226   0x00000000   Code   RO         6167    .ARM.Collect$$libshutdown$$00000011  c_w.l(libshutdown2.o)
    0x08000226   0x08000226   0x00000002   Code   RO         6168    .ARM.Collect$$libshutdown$$00000012  c_w.l(libshutdown2.o)
    0x08000228   0x08000228   0x00000000   Code   RO         5861    .ARM.Collect$$rtentry$$00000000  c_w.l(__rtentry.o)
    0x08000228   0x08000228   0x00000000   Code   RO         5948    .ARM.Collect$$rtentry$$00000002  c_w.l(__rtentry2.o)
    0x08000228   0x08000228   0x00000006   Code   RO         5960    .ARM.Collect$$rtentry$$00000004  c_w.l(__rtentry4.o)
    0x0800022e   0x0800022e   0x00000000   Code   RO         5950    .ARM.Collect$$rtentry$$00000009  c_w.l(__rtentry2.o)
    0x0800022e   0x0800022e   0x00000004   Code   RO         5951    .ARM.Collect$$rtentry$$0000000A  c_w.l(__rtentry2.o)
    0x08000232   0x08000232   0x00000000   Code   RO         5953    .ARM.Collect$$rtentry$$0000000C  c_w.l(__rtentry2.o)
    0x08000232   0x08000232   0x00000008   Code   RO         5954    .ARM.Collect$$rtentry$$0000000D  c_w.l(__rtentry2.o)
    0x0800023a   0x0800023a   0x00000002   Code   RO         6038    .ARM.Collect$$rtexit$$00000000  c_w.l(rtexit.o)
    0x0800023c   0x0800023c   0x00000000   Code   RO         6099    .ARM.Collect$$rtexit$$00000002  c_w.l(rtexit2.o)
    0x0800023c   0x0800023c   0x00000004   Code   RO         6100    .ARM.Collect$$rtexit$$00000003  c_w.l(rtexit2.o)
    0x08000240   0x08000240   0x00000006   Code   RO         6101    .ARM.Collect$$rtexit$$00000004  c_w.l(rtexit2.o)
    0x08000246   0x08000246   0x00000002   PAD
    0x08000248   0x08000248   0x000000be   Code   RO         5338    .emb_text           port.o
    0x08000306   0x08000306   0x00000002   PAD
    0x08000308   0x08000308   0x00000040   Code   RO            4    .text               startup_stm32f411xe.o
    0x08000348   0x08000348   0x000000ee   Code   RO         5812    .text               c_w.l(lludivv7m.o)
    0x08000436   0x08000436   0x00000002   PAD
    0x08000438   0x08000438   0x00000038   Code   RO         5816    .text               c_w.l(__2snprintf.o)
    0x08000470   0x08000470   0x00000078   Code   RO         5822    .text               c_w.l(_printf_dec.o)
    0x080004e8   0x080004e8   0x00000188   Code   RO         5841    .text               c_w.l(__printf_flags_ss_wp.o)
    0x08000670   0x08000670   0x0000003e   Code   RO         5847    .text               c_w.l(strlen.o)
    0x080006ae   0x080006ae   0x0000008a   Code   RO         5849    .text               c_w.l(rt_memcpy_v6.o)
    0x08000738   0x08000738   0x00000010   Code   RO         5853    .text               c_w.l(aeabi_memset.o)
    0x08000748   0x08000748   0x0000004e   Code   RO         5855    .text               c_w.l(rt_memclr_w.o)
    0x08000796   0x08000796   0x00000006   Code   RO         5857    .text               c_w.l(heapauxi.o)
    0x0800079c   0x0800079c   0x000000b2   Code   RO         5872    .text               c_w.l(_printf_intcommon.o)
    0x0800084e   0x0800084e   0x00000002   PAD
    0x08000850   0x08000850   0x00000030   Code   RO         5876    .text               c_w.l(_printf_char_common.o)
    0x08000880   0x08000880   0x0000000a   Code   RO         5878    .text               c_w.l(_sputc.o)
    0x0800088a   0x0800088a   0x00000010   Code   RO         5880    .text               c_w.l(_snputc.o)
    0x0800089a   0x0800089a   0x00000064   Code   RO         5935    .text               c_w.l(rt_memcpy_w.o)
    0x080008fe   0x080008fe   0x00000044   Code   RO         5937    .text               c_w.l(rt_memclr.o)
    0x08000942   0x08000942   0x0000004a   Code   RO         5979    .text               c_w.l(sys_stackheap_outer.o)
    0x0800098c   0x0800098c   0x00000012   Code   RO         6018    .text               c_w.l(exit.o)
    0x0800099e   0x0800099e   0x00000002   PAD
    0x080009a0   0x080009a0   0x00000008   Code   RO         6035    .text               c_w.l(libspace.o)
    0x080009a8   0x080009a8   0x0000000c   Code   RO         6096    .text               c_w.l(sys_exit.o)
    0x080009b4   0x080009b4   0x00000002   Code   RO         6115    .text               c_w.l(use_no_semi.o)
    0x080009b6   0x080009b6   0x00000000   Code   RO         6117    .text               c_w.l(indicate_semi.o)
    0x080009b6   0x080009b6   0x00000002   PAD
    0x080009b8   0x080009b8   0x00000064   Code   RO         5492    i.BSP_BLE_Init      bsp_ble.o
    0x08000a1c   0x08000a1c   0x00000018   Code   RO         5493    i.BSP_BLE_IsConnected  bsp_ble.o
    0x08000a34   0x08000a34   0x000000c4   Code   RO         5495    i.BSP_BLE_PackSensorDataJSON  bsp_ble.o
    0x08000af8   0x08000af8   0x00000010   Code   RO         5498    i.BSP_BLE_Wakeup    bsp_ble.o
    0x08000b08   0x08000b08   0x0000002e   Code   RO         5558    i.BSP_MAX30102_ClearFIFO  bsp_max30102.o
    0x08000b36   0x08000b36   0x00000050   Code   RO         5559    i.BSP_MAX30102_ConfigSpO2  bsp_max30102.o
    0x08000b86   0x08000b86   0x0000001e   Code   RO         5562    i.BSP_MAX30102_Init  bsp_max30102.o
    0x08000ba4   0x08000ba4   0x00000042   Code   RO         5563    i.BSP_MAX30102_ReadFIFO  bsp_max30102.o
    0x08000be6   0x08000be6   0x00000002   PAD
    0x08000be8   0x08000be8   0x00000010   Code   RO         5637    i.BSP_SHT30_Init    bsp_sht30.o
    0x08000bf8   0x08000bf8   0x000000c8   Code   RO         5638    i.BSP_SHT30_Read    bsp_sht30.o
    0x08000cc0   0x08000cc0   0x00000044   Code   RO         5750    i.BSP_USART2_IRQ_Handler  bsp_usart2.o
    0x08000d04   0x08000d04   0x00000044   Code   RO         5751    i.BSP_USART2_Init   bsp_usart2.o
    0x08000d48   0x08000d48   0x00000010   Code   RO         5752    i.BSP_USART2_Receive  bsp_usart2.o
    0x08000d58   0x08000d58   0x0000002c   Code   RO         5753    i.BSP_USART2_Send   bsp_usart2.o
    0x08000d84   0x08000d84   0x00000018   Code   RO         5754    i.BSP_USART2_SendString  bsp_usart2.o
    0x08000d9c   0x08000d9c   0x00000002   Code   RO          425    i.BusFault_Handler  stm32f4xx_it.o
    0x08000d9e   0x08000d9e   0x00000002   PAD
    0x08000da0   0x08000da0   0x0000000c   Code   RO          426    i.DMA1_Stream5_IRQHandler  stm32f4xx_it.o
    0x08000dac   0x08000dac   0x0000000c   Code   RO          427    i.DMA1_Stream6_IRQHandler  stm32f4xx_it.o
    0x08000db8   0x08000db8   0x0000000c   Code   RO          428    i.DMA2_Stream2_IRQHandler  stm32f4xx_it.o
    0x08000dc4   0x08000dc4   0x0000000c   Code   RO          429    i.DMA2_Stream7_IRQHandler  stm32f4xx_it.o
    0x08000dd0   0x08000dd0   0x00000028   Code   RO         2080    i.DMA_CalcBaseAndBitshift  stm32f4xx_hal_dma.o
    0x08000df8   0x08000df8   0x00000054   Code   RO         2081    i.DMA_CheckFifoParam  stm32f4xx_hal_dma.o
    0x08000e4c   0x08000e4c   0x00000028   Code   RO         2082    i.DMA_SetConfig     stm32f4xx_hal_dma.o
    0x08000e74   0x08000e74   0x00000002   Code   RO          430    i.DebugMon_Handler  stm32f4xx_it.o
    0x08000e76   0x08000e76   0x00000006   Code   RO          431    i.EXTI0_IRQHandler  stm32f4xx_it.o
    0x08000e7c   0x08000e7c   0x00000004   Code   RO           13    i.Error_Handler     main.o
    0x08000e80   0x08000e80   0x000000d0   Code   RO         5418    i.Filter_AddSample  sensor_task.o
    0x08000f50   0x08000f50   0x00000092   Code   RO         2083    i.HAL_DMA_Abort     stm32f4xx_hal_dma.o
    0x08000fe2   0x08000fe2   0x00000024   Code   RO         2084    i.HAL_DMA_Abort_IT  stm32f4xx_hal_dma.o
    0x08001006   0x08001006   0x00000002   PAD
    0x08001008   0x08001008   0x000001a0   Code   RO         2088    i.HAL_DMA_IRQHandler  stm32f4xx_hal_dma.o
    0x080011a8   0x080011a8   0x000000d4   Code   RO         2089    i.HAL_DMA_Init      stm32f4xx_hal_dma.o
    0x0800127c   0x0800127c   0x0000006e   Code   RO         2093    i.HAL_DMA_Start_IT  stm32f4xx_hal_dma.o
    0x080012ea   0x080012ea   0x00000002   PAD
    0x080012ec   0x080012ec   0x00000024   Code   RO         2544    i.HAL_Delay         stm32f4xx_hal.o
    0x08001310   0x08001310   0x00000002   Code   RO         1974    i.HAL_GPIO_EXTI_Callback  stm32f4xx_hal_gpio.o
    0x08001312   0x08001312   0x00000002   PAD
    0x08001314   0x08001314   0x00000018   Code   RO         1975    i.HAL_GPIO_EXTI_IRQHandler  stm32f4xx_hal_gpio.o
    0x0800132c   0x0800132c   0x000001e0   Code   RO         1976    i.HAL_GPIO_Init     stm32f4xx_hal_gpio.o
    0x0800150c   0x0800150c   0x0000000a   Code   RO         1978    i.HAL_GPIO_ReadPin  stm32f4xx_hal_gpio.o
    0x08001516   0x08001516   0x0000000a   Code   RO         1980    i.HAL_GPIO_WritePin  stm32f4xx_hal_gpio.o
    0x08001520   0x08001520   0x0000000c   Code   RO         2550    i.HAL_GetTick       stm32f4xx_hal.o
    0x0800152c   0x0800152c   0x00000188   Code   RO         2806    i.HAL_I2C_Init      stm32f4xx_hal_i2c.o
    0x080016b4   0x080016b4   0x0000016c   Code   RO         2807    i.HAL_I2C_IsDeviceReady  stm32f4xx_hal_i2c.o
    0x08001820   0x08001820   0x000001f0   Code   RO         2812    i.HAL_I2C_Master_Receive  stm32f4xx_hal_i2c.o
    0x08001a10   0x08001a10   0x0000012c   Code   RO         2819    i.HAL_I2C_Master_Transmit  stm32f4xx_hal_i2c.o
    0x08001b3c   0x08001b3c   0x00000068   Code   RO          336    i.HAL_I2C_MspInit   i2c.o
    0x08001ba4   0x08001ba4   0x00000010   Code   RO         2556    i.HAL_IncTick       stm32f4xx_hal.o
    0x08001bb4   0x08001bb4   0x00000034   Code   RO         2557    i.HAL_Init          stm32f4xx_hal.o
    0x08001be8   0x08001be8   0x00000098   Code   RO          555    i.HAL_InitTick      stm32f4xx_hal_timebase_tim.o
    0x08001c80   0x08001c80   0x00000038   Code   RO          531    i.HAL_MspInit       stm32f4xx_hal_msp.o
    0x08001cb8   0x08001cb8   0x0000001a   Code   RO         2392    i.HAL_NVIC_EnableIRQ  stm32f4xx_hal_cortex.o
    0x08001cd2   0x08001cd2   0x00000002   PAD
    0x08001cd4   0x08001cd4   0x00000040   Code   RO         2398    i.HAL_NVIC_SetPriority  stm32f4xx_hal_cortex.o
    0x08001d14   0x08001d14   0x00000024   Code   RO         2399    i.HAL_NVIC_SetPriorityGrouping  stm32f4xx_hal_cortex.o
    0x08001d38   0x08001d38   0x00000134   Code   RO         1568    i.HAL_RCC_ClockConfig  stm32f4xx_hal_rcc.o
    0x08001e6c   0x08001e6c   0x00000040   Code   RO         1572    i.HAL_RCC_GetClockConfig  stm32f4xx_hal_rcc.o
    0x08001eac   0x08001eac   0x00000020   Code   RO         1575    i.HAL_RCC_GetPCLK1Freq  stm32f4xx_hal_rcc.o
    0x08001ecc   0x08001ecc   0x00000020   Code   RO         1576    i.HAL_RCC_GetPCLK2Freq  stm32f4xx_hal_rcc.o
    0x08001eec   0x08001eec   0x00000064   Code   RO         1577    i.HAL_RCC_GetSysClockFreq  stm32f4xx_hal_rcc.o
    0x08001f50   0x08001f50   0x0000036c   Code   RO         1580    i.HAL_RCC_OscConfig  stm32f4xx_hal_rcc.o
    0x080022bc   0x080022bc   0x00000002   Code   RO         1300    i.HAL_TIMEx_BreakCallback  stm32f4xx_hal_tim_ex.o
    0x080022be   0x080022be   0x00000002   Code   RO         1301    i.HAL_TIMEx_CommutCallback  stm32f4xx_hal_tim_ex.o
    0x080022c0   0x080022c0   0x0000005a   Code   RO          596    i.HAL_TIM_Base_Init  stm32f4xx_hal_tim.o
    0x0800231a   0x0800231a   0x00000002   Code   RO          598    i.HAL_TIM_Base_MspInit  stm32f4xx_hal_tim.o
    0x0800231c   0x0800231c   0x0000006c   Code   RO          601    i.HAL_TIM_Base_Start_IT  stm32f4xx_hal_tim.o
    0x08002388   0x08002388   0x00000002   Code   RO          630    i.HAL_TIM_IC_CaptureCallback  stm32f4xx_hal_tim.o
    0x0800238a   0x0800238a   0x00000130   Code   RO          644    i.HAL_TIM_IRQHandler  stm32f4xx_hal_tim.o
    0x080024ba   0x080024ba   0x00000002   Code   RO          647    i.HAL_TIM_OC_DelayElapsedCallback  stm32f4xx_hal_tim.o
    0x080024bc   0x080024bc   0x00000002   Code   RO          674    i.HAL_TIM_PWM_PulseFinishedCallback  stm32f4xx_hal_tim.o
    0x080024be   0x080024be   0x00000002   PAD
    0x080024c0   0x080024c0   0x00000014   Code   RO           14    i.HAL_TIM_PeriodElapsedCallback  main.o
    0x080024d4   0x080024d4   0x00000002   Code   RO          687    i.HAL_TIM_TriggerCallback  stm32f4xx_hal_tim.o
    0x080024d6   0x080024d6   0x00000002   Code   RO         3274    i.HAL_UARTEx_RxEventCallback  stm32f4xx_hal_uart.o
    0x080024d8   0x080024d8   0x00000002   Code   RO         3288    i.HAL_UART_ErrorCallback  stm32f4xx_hal_uart.o
    0x080024da   0x080024da   0x00000002   PAD
    0x080024dc   0x080024dc   0x00000280   Code   RO         3291    i.HAL_UART_IRQHandler  stm32f4xx_hal_uart.o
    0x0800275c   0x0800275c   0x00000064   Code   RO         3292    i.HAL_UART_Init     stm32f4xx_hal_uart.o
    0x080027c0   0x080027c0   0x000001a4   Code   RO          378    i.HAL_UART_MspInit  usart.o
    0x08002964   0x08002964   0x0000001c   Code   RO         3296    i.HAL_UART_Receive_DMA  stm32f4xx_hal_uart.o
    0x08002980   0x08002980   0x00000002   Code   RO         3298    i.HAL_UART_RxCpltCallback  stm32f4xx_hal_uart.o
    0x08002982   0x08002982   0x00000002   Code   RO         3299    i.HAL_UART_RxHalfCpltCallback  stm32f4xx_hal_uart.o
    0x08002984   0x08002984   0x00000084   Code   RO         3301    i.HAL_UART_Transmit_DMA  stm32f4xx_hal_uart.o
    0x08002a08   0x08002a08   0x00000028   Code   RO         5755    i.HAL_UART_TxCpltCallback  bsp_usart2.o
    0x08002a30   0x08002a30   0x00000002   Code   RO         3304    i.HAL_UART_TxHalfCpltCallback  stm32f4xx_hal_uart.o
    0x08002a32   0x08002a32   0x00000002   PAD
    0x08002a34   0x08002a34   0x000000fc   Code   RO         5419    i.HR_Update         sensor_task.o
    0x08002b30   0x08002b30   0x00000002   Code   RO          432    i.HardFault_Handler  stm32f4xx_it.o
    0x08002b32   0x08002b32   0x0000002e   Code   RO         2849    i.I2C_IsAcknowledgeFailed  stm32f4xx_hal_i2c.o
    0x08002b60   0x08002b60   0x000000ec   Code   RO         2852    i.I2C_MasterRequestRead  stm32f4xx_hal_i2c.o
    0x08002c4c   0x08002c4c   0x0000009c   Code   RO         2853    i.I2C_MasterRequestWrite  stm32f4xx_hal_i2c.o
    0x08002ce8   0x08002ce8   0x00000056   Code   RO         2864    i.I2C_WaitOnBTFFlagUntilTimeout  stm32f4xx_hal_i2c.o
    0x08002d3e   0x08002d3e   0x00000002   PAD
    0x08002d40   0x08002d40   0x00000090   Code   RO         2865    i.I2C_WaitOnFlagUntilTimeout  stm32f4xx_hal_i2c.o
    0x08002dd0   0x08002dd0   0x000000bc   Code   RO         2866    i.I2C_WaitOnMasterAddressFlagUntilTimeout  stm32f4xx_hal_i2c.o
    0x08002e8c   0x08002e8c   0x00000070   Code   RO         2867    i.I2C_WaitOnRXNEFlagUntilTimeout  stm32f4xx_hal_i2c.o
    0x08002efc   0x08002efc   0x00000056   Code   RO         2868    i.I2C_WaitOnTXEFlagUntilTimeout  stm32f4xx_hal_i2c.o
    0x08002f52   0x08002f52   0x00000002   PAD
    0x08002f54   0x08002f54   0x0000006c   Code   RO          311    i.MX_DMA_Init       dma.o
    0x08002fc0   0x08002fc0   0x0000006c   Code   RO          244    i.MX_FREERTOS_Init  freertos.o
    0x0800302c   0x0800302c   0x000000c0   Code   RO          220    i.MX_GPIO_Init      gpio.o
    0x080030ec   0x080030ec   0x00000040   Code   RO          337    i.MX_I2C1_Init      i2c.o
    0x0800312c   0x0800312c   0x00000038   Code   RO          379    i.MX_USART1_UART_Init  usart.o
    0x08003164   0x08003164   0x00000038   Code   RO          380    i.MX_USART2_UART_Init  usart.o
    0x0800319c   0x0800319c   0x00000002   Code   RO          433    i.MemManage_Handler  stm32f4xx_it.o
    0x0800319e   0x0800319e   0x00000002   Code   RO          434    i.NMI_Handler       stm32f4xx_it.o
    0x080031a0   0x080031a0   0x000001b8   Code   RO         5420    i.SensorTask_Entry  sensor_task.o
    0x08003358   0x08003358   0x00000024   Code   RO         5421    i.SensorTask_GetLatestData  sensor_task.o
    0x0800337c   0x0800337c   0x00000008   Code   RO          245    i.StartDefaultTask  freertos.o
    0x08003384   0x08003384   0x00000078   Code   RO          246    i.StartTask02_Monitor  freertos.o
    0x080033fc   0x080033fc   0x00000004   Code   RO          247    i.StartTask03_Sensor  freertos.o
    0x08003400   0x08003400   0x0000006c   Code   RO          248    i.StartTask04_BLE   freertos.o
    0x0800346c   0x0800346c   0x0000001a   Code   RO         4770    i.SysTick_Handler   cmsis_os2.o
    0x08003486   0x08003486   0x00000002   PAD
    0x08003488   0x08003488   0x00000090   Code   RO           15    i.SystemClock_Config  main.o
    0x08003518   0x08003518   0x00000010   Code   RO         3626    i.SystemInit        system_stm32f4xx.o
    0x08003528   0x08003528   0x0000000c   Code   RO          435    i.TIM4_IRQHandler   stm32f4xx_it.o
    0x08003534   0x08003534   0x000000a0   Code   RO          689    i.TIM_Base_SetConfig  stm32f4xx_hal_tim.o
    0x080035d4   0x080035d4   0x0000000e   Code   RO         3305    i.UART_DMAAbortOnError  stm32f4xx_hal_uart.o
    0x080035e2   0x080035e2   0x0000004a   Code   RO         3306    i.UART_DMAError     stm32f4xx_hal_uart.o
    0x0800362c   0x0800362c   0x00000086   Code   RO         3307    i.UART_DMAReceiveCplt  stm32f4xx_hal_uart.o
    0x080036b2   0x080036b2   0x0000001e   Code   RO         3309    i.UART_DMARxHalfCplt  stm32f4xx_hal_uart.o
    0x080036d0   0x080036d0   0x00000042   Code   RO         3311    i.UART_DMATransmitCplt  stm32f4xx_hal_uart.o
    0x08003712   0x08003712   0x0000000a   Code   RO         3313    i.UART_DMATxHalfCplt  stm32f4xx_hal_uart.o
    0x0800371c   0x0800371c   0x0000004e   Code   RO         3315    i.UART_EndRxTransfer  stm32f4xx_hal_uart.o
    0x0800376a   0x0800376a   0x0000001c   Code   RO         3316    i.UART_EndTxTransfer  stm32f4xx_hal_uart.o
    0x08003786   0x08003786   0x000000c2   Code   RO         3317    i.UART_Receive_IT   stm32f4xx_hal_uart.o
    0x08003848   0x08003848   0x0000010c   Code   RO         3318    i.UART_SetConfig    stm32f4xx_hal_uart.o
    0x08003954   0x08003954   0x000000a0   Code   RO         3319    i.UART_Start_Receive_DMA  stm32f4xx_hal_uart.o
    0x080039f4   0x080039f4   0x0000000c   Code   RO          436    i.USART1_IRQHandler  stm32f4xx_it.o
    0x08003a00   0x08003a00   0x00000004   Code   RO          437    i.USART2_IRQHandler  stm32f4xx_it.o
    0x08003a04   0x08003a04   0x00000002   Code   RO          438    i.UsageFault_Handler  stm32f4xx_it.o
    0x08003a06   0x08003a06   0x00000020   Code   RO         2405    i.__NVIC_SetPriority  stm32f4xx_hal_cortex.o
    0x08003a26   0x08003a26   0x0000000e   Code   RO         5834    i._is_digit         c_w.l(__printf_wp.o)
    0x08003a34   0x08003a34   0x00000090   Code   RO         5422    i.calculate_SpO2    sensor_task.o
    0x08003ac4   0x08003ac4   0x0000002a   Code   RO           16    i.main              main.o
    0x08003aee   0x08003aee   0x0000001a   Code   RO         4772    i.osDelay           cmsis_os2.o
    0x08003b08   0x08003b08   0x00000024   Code   RO         4786    i.osKernelInitialize  cmsis_os2.o
    0x08003b2c   0x08003b2c   0x00000038   Code   RO         4789    i.osKernelStart     cmsis_os2.o
    0x08003b64   0x08003b64   0x00000064   Code   RO         4801    i.osMessageQueueGet  cmsis_os2.o
    0x08003bc8   0x08003bc8   0x00000058   Code   RO         4806    i.osMessageQueueNew  cmsis_os2.o
    0x08003c20   0x08003c20   0x00000068   Code   RO         4807    i.osMessageQueuePut  cmsis_os2.o
    0x08003c88   0x08003c88   0x00000052   Code   RO         4809    i.osMutexAcquire    cmsis_os2.o
    0x08003cda   0x08003cda   0x00000068   Code   RO         4812    i.osMutexNew        cmsis_os2.o
    0x08003d42   0x08003d42   0x00000042   Code   RO         4813    i.osMutexRelease    cmsis_os2.o
    0x08003d84   0x08003d84   0x0000008a   Code   RO         4831    i.osThreadNew       cmsis_os2.o
    0x08003e0e   0x08003e0e   0x00000002   PAD
    0x08003e10   0x08003e10   0x0000005c   Code   RO         4234    i.prvAddCurrentTaskToDelayedList  tasks.o
    0x08003e6c   0x08003e6c   0x000000d0   Code   RO         4235    i.prvAddNewTaskToReadyList  tasks.o
    0x08003f3c   0x08003f3c   0x00000058   Code   RO         4599    i.prvCheckForValidListAndQueue  timers.o
    0x08003f94   0x08003f94   0x00000026   Code   RO         3831    i.prvCopyDataFromQueue  queue.o
    0x08003fba   0x08003fba   0x0000006c   Code   RO         3832    i.prvCopyDataToQueue  queue.o
    0x08004026   0x08004026   0x00000034   Code   RO         4236    i.prvDeleteTCB      tasks.o
    0x0800405a   0x0800405a   0x00000002   PAD
    0x0800405c   0x0800405c   0x00000048   Code   RO         5283    i.prvHeapInit       heap_4.o
    0x080040a4   0x080040a4   0x00000060   Code   RO         4237    i.prvIdleTask       tasks.o
    0x08004104   0x08004104   0x00000016   Code   RO         3833    i.prvInitialiseMutex  queue.o
    0x0800411a   0x0800411a   0x00000002   PAD
    0x0800411c   0x0800411c   0x00000022   Code   RO         3834    i.prvInitialiseNewQueue  queue.o
    0x0800413e   0x0800413e   0x00000002   PAD
    0x08004140   0x08004140   0x000000b0   Code   RO         4238    i.prvInitialiseNewTask  tasks.o
    0x080041f0   0x080041f0   0x0000004c   Code   RO         5284    i.prvInsertBlockIntoFreeList  heap_4.o
    0x0800423c   0x0800423c   0x00000038   Code   RO         4601    i.prvInsertTimerInActiveList  timers.o
    0x08004274   0x08004274   0x0000001c   Code   RO         3835    i.prvIsQueueEmpty   queue.o
    0x08004290   0x08004290   0x000000fc   Code   RO         4602    i.prvProcessReceivedCommands  timers.o
    0x0800438c   0x0800438c   0x000000c0   Code   RO         4603    i.prvProcessTimerOrBlockTask  timers.o
    0x0800444c   0x0800444c   0x00000020   Code   RO         4240    i.prvResetNextTaskUnblockTime  tasks.o
    0x0800446c   0x0800446c   0x00000028   Code   RO         4604    i.prvSampleTimeNow  timers.o
    0x08004494   0x08004494   0x0000006c   Code   RO         4605    i.prvSwitchTimerLists  timers.o
    0x08004500   0x08004500   0x00000028   Code   RO         5339    i.prvTaskExitError  port.o
    0x08004528   0x08004528   0x00000024   Code   RO         4606    i.prvTimerTask      timers.o
    0x0800454c   0x0800454c   0x0000006a   Code   RO         3836    i.prvUnlockQueue    queue.o
    0x080045b6   0x080045b6   0x00000002   PAD
    0x080045b8   0x080045b8   0x000000dc   Code   RO         5285    i.pvPortMalloc      heap_4.o
    0x08004694   0x08004694   0x00000018   Code   RO         4243    i.pvTaskIncrementMutexHeldCount  tasks.o
    0x080046ac   0x080046ac   0x0000002c   Code   RO         5340    i.pxPortInitialiseStack  port.o
    0x080046d8   0x080046d8   0x00000030   Code   RO         5423    i.read_sht30        sensor_task.o
    0x08004708   0x08004708   0x00000034   Code   RO         5565    i.reg_burst_read    bsp_max30102.o
    0x0800473c   0x0800473c   0x00000030   Code   RO         5566    i.reg_read          bsp_max30102.o
    0x0800476c   0x0800476c   0x00000020   Code   RO         5567    i.reg_write         bsp_max30102.o
    0x0800478c   0x0800478c   0x00000032   Code   RO         5639    i.sht30_crc         bsp_sht30.o
    0x080047be   0x080047be   0x00000002   PAD
    0x080047c0   0x080047c0   0x000000a8   Code   RO         5756    i.usart2_process_idle  bsp_usart2.o
    0x08004868   0x08004868   0x00000026   Code   RO         3791    i.uxListRemove      list.o
    0x0800488e   0x0800488e   0x00000002   PAD
    0x08004890   0x08004890   0x00000014   Code   RO         4843    i.vApplicationGetIdleTaskMemory  cmsis_os2.o
    0x080048a4   0x080048a4   0x00000018   Code   RO         4844    i.vApplicationGetTimerTaskMemory  cmsis_os2.o
    0x080048bc   0x080048bc   0x00000016   Code   RO         3792    i.vListInitialise   list.o
    0x080048d2   0x080048d2   0x00000006   Code   RO         3793    i.vListInitialiseItem  list.o
    0x080048d8   0x080048d8   0x00000030   Code   RO         3794    i.vListInsert       list.o
    0x08004908   0x08004908   0x00000018   Code   RO         3795    i.vListInsertEnd    list.o
    0x08004920   0x08004920   0x00000040   Code   RO         5342    i.vPortEnterCritical  port.o
    0x08004960   0x08004960   0x00000028   Code   RO         5343    i.vPortExitCritical  port.o
    0x08004988   0x08004988   0x00000064   Code   RO         5286    i.vPortFree         heap_4.o
    0x080049ec   0x080049ec   0x00000024   Code   RO         5344    i.vPortSetupTimerInterrupt  port.o
    0x08004a10   0x08004a10   0x00000054   Code   RO         5345    i.vPortValidateInterruptPriority  port.o
    0x08004a64   0x08004a64   0x00000028   Code   RO         3842    i.vQueueAddToRegistry  queue.o
    0x08004a8c   0x08004a8c   0x00000044   Code   RO         3846    i.vQueueWaitForMessageRestricted  queue.o
    0x08004ad0   0x08004ad0   0x0000004c   Code   RO         4253    i.vTaskDelay        tasks.o
    0x08004b1c   0x08004b1c   0x0000008c   Code   RO         4254    i.vTaskDelayUntil   tasks.o
    0x08004ba8   0x08004ba8   0x00000010   Code   RO         4258    i.vTaskInternalSetTimeOutState  tasks.o
    0x08004bb8   0x08004bb8   0x0000000c   Code   RO         4259    i.vTaskMissedYield  tasks.o
    0x08004bc4   0x08004bc4   0x00000030   Code   RO         4261    i.vTaskPlaceOnEventList  tasks.o
    0x08004bf4   0x08004bf4   0x00000038   Code   RO         4262    i.vTaskPlaceOnEventListRestricted  tasks.o
    0x08004c2c   0x08004c2c   0x00000090   Code   RO         4264    i.vTaskPriorityDisinheritAfterTimeout  tasks.o
    0x08004cbc   0x08004cbc   0x00000088   Code   RO         4270    i.vTaskStartScheduler  tasks.o
    0x08004d44   0x08004d44   0x0000009c   Code   RO         4271    i.vTaskSuspend      tasks.o
    0x08004de0   0x08004de0   0x00000010   Code   RO         4272    i.vTaskSuspendAll   tasks.o
    0x08004df0   0x08004df0   0x00000064   Code   RO         4273    i.vTaskSwitchContext  tasks.o
    0x08004e54   0x08004e54   0x000000f4   Code   RO         5346    i.xPortStartScheduler  port.o
    0x08004f48   0x08004f48   0x0000002c   Code   RO         5347    i.xPortSysTickHandler  port.o
    0x08004f74   0x08004f74   0x00000016   Code   RO         3849    i.xQueueCreateMutex  queue.o
    0x08004f8a   0x08004f8a   0x0000001a   Code   RO         3850    i.xQueueCreateMutexStatic  queue.o
    0x08004fa4   0x08004fa4   0x00000042   Code   RO         3851    i.xQueueGenericCreate  queue.o
    0x08004fe6   0x08004fe6   0x00000066   Code   RO         3852    i.xQueueGenericCreateStatic  queue.o
    0x0800504c   0x0800504c   0x00000088   Code   RO         3853    i.xQueueGenericReset  queue.o
    0x080050d4   0x080050d4   0x00000160   Code   RO         3854    i.xQueueGenericSend  queue.o
    0x08005234   0x08005234   0x000000be   Code   RO         3855    i.xQueueGenericSendFromISR  queue.o
    0x080052f2   0x080052f2   0x0000003e   Code   RO         3859    i.xQueueGiveMutexRecursive  queue.o
    0x08005330   0x08005330   0x00000138   Code   RO         3864    i.xQueueReceive     queue.o
    0x08005468   0x08005468   0x0000009a   Code   RO         3865    i.xQueueReceiveFromISR  queue.o
    0x08005502   0x08005502   0x00000002   PAD
    0x08005504   0x08005504   0x00000178   Code   RO         3866    i.xQueueSemaphoreTake  queue.o
    0x0800567c   0x0800567c   0x00000040   Code   RO         3867    i.xQueueTakeMutexRecursive  queue.o
    0x080056bc   0x080056bc   0x00000074   Code   RO         4275    i.xTaskCheckForTimeOut  tasks.o
    0x08005730   0x08005730   0x0000005a   Code   RO         4276    i.xTaskCreate       tasks.o
    0x0800578a   0x0800578a   0x00000056   Code   RO         4277    i.xTaskCreateStatic  tasks.o
    0x080057e0   0x080057e0   0x0000000c   Code   RO         4280    i.xTaskGetCurrentTaskHandle  tasks.o
    0x080057ec   0x080057ec   0x0000001c   Code   RO         4281    i.xTaskGetSchedulerState  tasks.o
    0x08005808   0x08005808   0x0000000c   Code   RO         4282    i.xTaskGetTickCount  tasks.o
    0x08005814   0x08005814   0x000000c8   Code   RO         4284    i.xTaskIncrementTick  tasks.o
    0x080058dc   0x080058dc   0x00000080   Code   RO         4287    i.xTaskPriorityDisinherit  tasks.o
    0x0800595c   0x0800595c   0x00000078   Code   RO         4288    i.xTaskPriorityInherit  tasks.o
    0x080059d4   0x080059d4   0x00000070   Code   RO         4289    i.xTaskRemoveFromEventList  tasks.o
    0x08005a44   0x08005a44   0x000000c4   Code   RO         4290    i.xTaskResumeAll    tasks.o
    0x08005b08   0x08005b08   0x00000060   Code   RO         4615    i.xTimerCreateTimerTask  timers.o
    0x08005b68   0x08005b68   0x00000068   Code   RO         4616    i.xTimerGenericCommand  timers.o
    0x08005bd0   0x08005bd0   0x0000000a   Code   RO         6111    x$fpl$fpinit        fz_wm.l(fpinit.o)
    0x08005bda   0x08005bda   0x00000002   PAD
    0x08005bdc   0x08005bdc   0x000000b8   Data   RO          249    .constdata          freertos.o
    0x08005c94   0x08005c94   0x00000008   Data   RO         2095    .constdata          stm32f4xx_hal_dma.o
    0x08005c9c   0x08005c9c   0x00000010   Data   RO         3627    .constdata          system_stm32f4xx.o
    0x08005cac   0x08005cac   0x00000008   Data   RO         3628    .constdata          system_stm32f4xx.o
    0x08005cb4   0x08005cb4   0x00000011   Data   RO         5842    .constdata          c_w.l(__printf_flags_ss_wp.o)
    0x08005cc5   0x08005cc5   0x00000003   PAD
    0x08005cc8   0x08005cc8   0x00000047   Data   RO          250    .conststring        freertos.o
    0x08005d0f   0x08005d0f   0x00000001   PAD
    0x08005d10   0x08005d10   0x00000020   Data   RO         6169    Region$$Table       anon$$obj.o


    Execution Region RW_IRAM1 (Exec base: 0x20000000, Load base: 0x08005d30, Size: 0x000091e0, Max: 0x00020000, ABSOLUTE)

    Exec Addr    Load Addr    Size         Type   Attr      Idx    E Section Name        Object

    0x20000000   0x08005d30   0x00000018   Data   RW          251    .data               freertos.o
    0x20000018   0x08005d48   0x0000000c   Data   RW         2564    .data               stm32f4xx_hal.o
    0x20000024   0x08005d54   0x00000004   Data   RW         3629    .data               system_stm32f4xx.o
    0x20000028   0x08005d58   0x0000003c   Data   RW         4293    .data               tasks.o
    0x20000064   0x08005d94   0x00000014   Data   RW         4624    .data               timers.o
    0x20000078   0x08005da8   0x00000004   Data   RW         4846    .data               cmsis_os2.o
    0x2000007c   0x08005dac   0x00000020   Data   RW         5292    .data               heap_4.o
    0x2000009c   0x08005dcc   0x0000000c   Data   RW         5348    .data               port.o
    0x200000a8   0x08005dd8   0x00000001   Data   RW         5425    .data               sensor_task.o
    0x200000a9   0x08005dd9   0x00000003   PAD
    0x200000ac   0x08005ddc   0x00000008   Data   RW         5758    .data               bsp_usart2.o
    0x200000b4        -       0x00000054   Zero   RW          338    .bss                i2c.o
    0x20000108        -       0x00000210   Zero   RW          381    .bss                usart.o
    0x20000318        -       0x00000048   Zero   RW          558    .bss                stm32f4xx_hal_timebase_tim.o
    0x20000360        -       0x00000040   Zero   RW         3868    .bss                queue.o
    0x200003a0        -       0x000004c4   Zero   RW         4292    .bss                tasks.o
    0x20000864        -       0x00000118   Zero   RW         4623    .bss                timers.o
    0x2000097c        -       0x000006b8   Zero   RW         4845    .bss                cmsis_os2.o
    0x20001034        -       0x000078f0   Zero   RW         5291    .bss                heap_4.o
    0x20008924        -       0x00000158   Zero   RW         5424    .bss                sensor_task.o
    0x20008a7c        -       0x00000100   Zero   RW         5757    .bss                bsp_usart2.o
    0x20008b7c        -       0x00000060   Zero   RW         6036    .bss                c_w.l(libspace.o)
    0x20008bdc   0x08005de4   0x00000004   PAD
    0x20008be0        -       0x00000200   Zero   RW            2    HEAP                startup_stm32f411xe.o
    0x20008de0        -       0x00000400   Zero   RW            1    STACK               startup_stm32f411xe.o


==============================================================================

Image component sizes


      Code (inc. data)   RO Data    RW Data    ZI Data      Debug   Object Name

       336         68          0          0          0       2479   bsp_ble.o
       354         14          0          0          0       5831   bsp_max30102.o
       266         26          0          0          0       2470   bsp_sht30.o
       428         62          0          8        256       5279   bsp_usart2.o
       870         30          0          4       1720      71342   cmsis_os2.o
       108          4          0          0          0        838   dma.o
         0          0          0          0          0      19504   event_groups.o
       348         46        255         24          0       5603   freertos.o
       192         14          0          0          0        959   gpio.o
       468         22          0         32      30960       4891   heap_4.o
       168         26          0          0         84       1685   i2c.o
       138          0          0          0          0       3570   list.o
       210         14          0          0          0     445844   main.o
       786         82          0         12          0      11529   port.o
      2306         24          0          0         64      25535   queue.o
      1128         80          0          1        344       8187   sensor_task.o
        64         26        408          0       1536        844   startup_stm32f411xe.o
       116         18          0         12          0       8590   stm32f4xx_hal.o
       158         14          0          0          0      33054   stm32f4xx_hal_cortex.o
      1084         16          8          0          0       7366   stm32f4xx_hal_dma.o
       526         40          0          0          0       4019   stm32f4xx_hal_gpio.o
      2606         62          0          0          0      14290   stm32f4xx_hal_i2c.o
        56          4          0          0          0        870   stm32f4xx_hal_msp.o
      1412         86          0          0          0       5933   stm32f4xx_hal_rcc.o
       672         50          0          0          0       7492   stm32f4xx_hal_tim.o
         4          0          0          0          0       1641   stm32f4xx_hal_tim_ex.o
       152         20          0          0         72       1487   stm32f4xx_hal_timebase_tim.o
      1966         40          0          0          0      15330   stm32f4xx_hal_uart.o
        94         36          0          0          0       6598   stm32f4xx_it.o
         0          0          0          0          0        416   stream_buffer.o
        16          4         24          4          0       1135   system_stm32f4xx.o
      2680        218          0         60       1220      32202   tasks.o
       972         80          0         20        280      29703   timers.o
       532         50          0          0        528       2823   usart.o

    ----------------------------------------------------------------------
     21258       1276        728        180      37064     789339   Object Totals
         0          0         32          0          0          0   (incl. Generated)
        42          0          1          3          0          0   (incl. Padding)

    ----------------------------------------------------------------------

      Code (inc. data)   RO Data    RW Data    ZI Data      Debug   Library Member Name

        56          6          0          0          0         88   __2snprintf.o
         8          0          0          0          0         68   __main.o
       392          4         17          0          0         92   __printf_flags_ss_wp.o
        14          0          0          0          0         68   __printf_wp.o
         0          0          0          0          0          0   __rtentry.o
        12          0          0          0          0          0   __rtentry2.o
         6          0          0          0          0          0   __rtentry4.o
        52          8          0          0          0          0   __scatter.o
        26          0          0          0          0          0   __scatter_copy.o
        28          0          0          0          0          0   __scatter_zi.o
        48          6          0          0          0         96   _printf_char_common.o
         6          0          0          0          0          0   _printf_d.o
       120         16          0          0          0         92   _printf_dec.o
       178          0          0          0          0         88   _printf_intcommon.o
         0          0          0          0          0          0   _printf_percent.o
         4          0          0          0          0          0   _printf_percent_end.o
         6          0          0          0          0          0   _printf_u.o
        16          0          0          0          0         68   _snputc.o
        10          0          0          0          0         68   _sputc.o
        16          0          0          0          0         68   aeabi_memset.o
        18          0          0          0          0         80   exit.o
         6          0          0          0          0        152   heapauxi.o
         0          0          0          0          0          0   indicate_semi.o
         2          0          0          0          0          0   libinit.o
         6          0          0          0          0          0   libinit2.o
         2          0          0          0          0          0   libshutdown.o
         2          0          0          0          0          0   libshutdown2.o
         8          4          0          0         96         68   libspace.o
       238          0          0          0          0        100   lludivv7m.o
        68          0          0          0          0         68   rt_memclr.o
        78          0          0          0          0         80   rt_memclr_w.o
       138          0          0          0          0         68   rt_memcpy_v6.o
       100          0          0          0          0         80   rt_memcpy_w.o
         2          0          0          0          0          0   rtexit.o
        10          0          0          0          0          0   rtexit2.o
        62          0          0          0          0         76   strlen.o
        12          4          0          0          0         68   sys_exit.o
        74          0          0          0          0         80   sys_stackheap_outer.o
         2          0          0          0          0         68   use_no_semi.o
        10          0          0          0          0        116   fpinit.o

    ----------------------------------------------------------------------
      1850         48         20          0        100       1900   Library Totals
        14          0          3          0          4          0   (incl. Padding)

    ----------------------------------------------------------------------

      Code (inc. data)   RO Data    RW Data    ZI Data      Debug   Library Name

      1826         48         17          0         96       1784   c_w.l
        10          0          0          0          0        116   fz_wm.l

    ----------------------------------------------------------------------
      1850         48         20          0        100       1900   Library Totals

    ----------------------------------------------------------------------

==============================================================================


      Code (inc. data)   RO Data    RW Data    ZI Data      Debug   

     23108       1324        748        180      37164     769103   Grand Totals
     23108       1324        748        180      37164     769103   ELF Image Totals
     23108       1324        748        180          0          0   ROM Totals

==============================================================================

    Total RO  Size (Code + RO Data)                23856 (  23.30kB)
    Total RW  Size (RW Data + ZI Data)             37344 (  36.47kB)
    Total ROM Size (Code + RO Data + RW Data)      24036 (  23.47kB)

==============================================================================

